<?xml version="1.0" encoding="ISO-8859-1" ?>
<link_info>
   <banner>MSP430 Linker PC v18.1.3.LTS</banner>
   <copyright>Copyright (c) 2003-2017 Texas Instruments Incorporated</copyright>
   <link_time>0x5c03130d</link_time>
   <link_errors>0x0</link_errors>
   <output_file>blink.out</output_file>
   <entry_point>
      <name>_c_int00_noargs</name>
      <address>0x4400</address>
   </entry_point>
   <input_file_list>
      <input_file id="fl-2">
         <path>.\</path>
         <kind>object</kind>
         <file>blink.obj</file>
         <name>blink.obj</name>
      </input_file>
      <input_file id="fl-8">
         <kind>object</kind>
         <file>&lt;internal&gt;</file>
         <name>&lt;internal&gt;</name>
      </input_file>
      <input_file id="fl-23">
         <path>C:\ti\ccsv8\tools\compiler\ti-cgt-msp430_18.1.3.LTS\lib\</path>
         <kind>archive</kind>
         <file>rts430x_lc_rd_eabi.lib</file>
         <name>new.cpp.obj</name>
      </input_file>
      <input_file id="fl-24">
         <path>C:\ti\ccsv8\tools\compiler\ti-cgt-msp430_18.1.3.LTS\lib\</path>
         <kind>archive</kind>
         <file>rts430x_lc_rd_eabi.lib</file>
         <name>vector.cpp.obj</name>
      </input_file>
      <input_file id="fl-25">
         <path>C:\ti\ccsv8\tools\compiler\ti-cgt-msp430_18.1.3.LTS\lib\</path>
         <kind>archive</kind>
         <file>rts430x_lc_rd_eabi.lib</file>
         <name>dtor_list.c.obj</name>
      </input_file>
      <input_file id="fl-26">
         <path>C:\ti\ccsv8\tools\compiler\ti-cgt-msp430_18.1.3.LTS\lib\</path>
         <kind>archive</kind>
         <file>rts430x_lc_rd_eabi.lib</file>
         <name>div16s.asm.obj</name>
      </input_file>
      <input_file id="fl-27">
         <path>C:\ti\ccsv8\tools\compiler\ti-cgt-msp430_18.1.3.LTS\lib\</path>
         <kind>archive</kind>
         <file>rts430x_lc_rd_eabi.lib</file>
         <name>div16u.asm.obj</name>
      </input_file>
      <input_file id="fl-28">
         <path>C:\ti\ccsv8\tools\compiler\ti-cgt-msp430_18.1.3.LTS\lib\</path>
         <kind>archive</kind>
         <file>rts430x_lc_rd_eabi.lib</file>
         <name>fs_cmp.asm.obj</name>
      </input_file>
      <input_file id="fl-29">
         <path>C:\ti\ccsv8\tools\compiler\ti-cgt-msp430_18.1.3.LTS\lib\</path>
         <kind>archive</kind>
         <file>rts430x_lc_rd_eabi.lib</file>
         <name>fs_itof.asm.obj</name>
      </input_file>
      <input_file id="fl-2a">
         <path>C:\ti\ccsv8\tools\compiler\ti-cgt-msp430_18.1.3.LTS\lib\</path>
         <kind>archive</kind>
         <file>rts430x_lc_rd_eabi.lib</file>
         <name>int41.asm.obj</name>
      </input_file>
      <input_file id="fl-2b">
         <path>C:\ti\ccsv8\tools\compiler\ti-cgt-msp430_18.1.3.LTS\lib\</path>
         <kind>archive</kind>
         <file>rts430x_lc_rd_eabi.lib</file>
         <name>int42.asm.obj</name>
      </input_file>
      <input_file id="fl-2c">
         <path>C:\ti\ccsv8\tools\compiler\ti-cgt-msp430_18.1.3.LTS\lib\</path>
         <kind>archive</kind>
         <file>rts430x_lc_rd_eabi.lib</file>
         <name>int43.asm.obj</name>
      </input_file>
      <input_file id="fl-2d">
         <path>C:\ti\ccsv8\tools\compiler\ti-cgt-msp430_18.1.3.LTS\lib\</path>
         <kind>archive</kind>
         <file>rts430x_lc_rd_eabi.lib</file>
         <name>int44.asm.obj</name>
      </input_file>
      <input_file id="fl-2e">
         <path>C:\ti\ccsv8\tools\compiler\ti-cgt-msp430_18.1.3.LTS\lib\</path>
         <kind>archive</kind>
         <file>rts430x_lc_rd_eabi.lib</file>
         <name>int45.asm.obj</name>
      </input_file>
      <input_file id="fl-2f">
         <path>C:\ti\ccsv8\tools\compiler\ti-cgt-msp430_18.1.3.LTS\lib\</path>
         <kind>archive</kind>
         <file>rts430x_lc_rd_eabi.lib</file>
         <name>int46.asm.obj</name>
      </input_file>
      <input_file id="fl-30">
         <path>C:\ti\ccsv8\tools\compiler\ti-cgt-msp430_18.1.3.LTS\lib\</path>
         <kind>archive</kind>
         <file>rts430x_lc_rd_eabi.lib</file>
         <name>int47.asm.obj</name>
      </input_file>
      <input_file id="fl-31">
         <path>C:\ti\ccsv8\tools\compiler\ti-cgt-msp430_18.1.3.LTS\lib\</path>
         <kind>archive</kind>
         <file>rts430x_lc_rd_eabi.lib</file>
         <name>int48.asm.obj</name>
      </input_file>
      <input_file id="fl-32">
         <path>C:\ti\ccsv8\tools\compiler\ti-cgt-msp430_18.1.3.LTS\lib\</path>
         <kind>archive</kind>
         <file>rts430x_lc_rd_eabi.lib</file>
         <name>int49.asm.obj</name>
      </input_file>
      <input_file id="fl-33">
         <path>C:\ti\ccsv8\tools\compiler\ti-cgt-msp430_18.1.3.LTS\lib\</path>
         <kind>archive</kind>
         <file>rts430x_lc_rd_eabi.lib</file>
         <name>int50.asm.obj</name>
      </input_file>
      <input_file id="fl-34">
         <path>C:\ti\ccsv8\tools\compiler\ti-cgt-msp430_18.1.3.LTS\lib\</path>
         <kind>archive</kind>
         <file>rts430x_lc_rd_eabi.lib</file>
         <name>int51.asm.obj</name>
      </input_file>
      <input_file id="fl-35">
         <path>C:\ti\ccsv8\tools\compiler\ti-cgt-msp430_18.1.3.LTS\lib\</path>
         <kind>archive</kind>
         <file>rts430x_lc_rd_eabi.lib</file>
         <name>int52.asm.obj</name>
      </input_file>
      <input_file id="fl-36">
         <path>C:\ti\ccsv8\tools\compiler\ti-cgt-msp430_18.1.3.LTS\lib\</path>
         <kind>archive</kind>
         <file>rts430x_lc_rd_eabi.lib</file>
         <name>int53.asm.obj</name>
      </input_file>
      <input_file id="fl-37">
         <path>C:\ti\ccsv8\tools\compiler\ti-cgt-msp430_18.1.3.LTS\lib\</path>
         <kind>archive</kind>
         <file>rts430x_lc_rd_eabi.lib</file>
         <name>int54.asm.obj</name>
      </input_file>
      <input_file id="fl-38">
         <path>C:\ti\ccsv8\tools\compiler\ti-cgt-msp430_18.1.3.LTS\lib\</path>
         <kind>archive</kind>
         <file>rts430x_lc_rd_eabi.lib</file>
         <name>int55.asm.obj</name>
      </input_file>
      <input_file id="fl-39">
         <path>C:\ti\ccsv8\tools\compiler\ti-cgt-msp430_18.1.3.LTS\lib\</path>
         <kind>archive</kind>
         <file>rts430x_lc_rd_eabi.lib</file>
         <name>int56.asm.obj</name>
      </input_file>
      <input_file id="fl-3a">
         <path>C:\ti\ccsv8\tools\compiler\ti-cgt-msp430_18.1.3.LTS\lib\</path>
         <kind>archive</kind>
         <file>rts430x_lc_rd_eabi.lib</file>
         <name>int57.asm.obj</name>
      </input_file>
      <input_file id="fl-3b">
         <path>C:\ti\ccsv8\tools\compiler\ti-cgt-msp430_18.1.3.LTS\lib\</path>
         <kind>archive</kind>
         <file>rts430x_lc_rd_eabi.lib</file>
         <name>int58.asm.obj</name>
      </input_file>
      <input_file id="fl-3c">
         <path>C:\ti\ccsv8\tools\compiler\ti-cgt-msp430_18.1.3.LTS\lib\</path>
         <kind>archive</kind>
         <file>rts430x_lc_rd_eabi.lib</file>
         <name>int59.asm.obj</name>
      </input_file>
      <input_file id="fl-3d">
         <path>C:\ti\ccsv8\tools\compiler\ti-cgt-msp430_18.1.3.LTS\lib\</path>
         <kind>archive</kind>
         <file>rts430x_lc_rd_eabi.lib</file>
         <name>int60.asm.obj</name>
      </input_file>
      <input_file id="fl-3e">
         <path>C:\ti\ccsv8\tools\compiler\ti-cgt-msp430_18.1.3.LTS\lib\</path>
         <kind>archive</kind>
         <file>rts430x_lc_rd_eabi.lib</file>
         <name>int61.asm.obj</name>
      </input_file>
      <input_file id="fl-3f">
         <path>C:\ti\ccsv8\tools\compiler\ti-cgt-msp430_18.1.3.LTS\lib\</path>
         <kind>archive</kind>
         <file>rts430x_lc_rd_eabi.lib</file>
         <name>int62.asm.obj</name>
      </input_file>
      <input_file id="fl-40">
         <path>C:\ti\ccsv8\tools\compiler\ti-cgt-msp430_18.1.3.LTS\lib\</path>
         <kind>archive</kind>
         <file>rts430x_lc_rd_eabi.lib</file>
         <name>isr_trap.asm.obj</name>
      </input_file>
      <input_file id="fl-41">
         <path>C:\ti\ccsv8\tools\compiler\ti-cgt-msp430_18.1.3.LTS\lib\</path>
         <kind>archive</kind>
         <file>rts430x_lc_rd_eabi.lib</file>
         <name>lsl16.asm.obj</name>
      </input_file>
      <input_file id="fl-42">
         <path>C:\ti\ccsv8\tools\compiler\ti-cgt-msp430_18.1.3.LTS\lib\</path>
         <kind>archive</kind>
         <file>rts430x_lc_rd_eabi.lib</file>
         <name>lsr16.asm.obj</name>
      </input_file>
      <input_file id="fl-43">
         <path>C:\ti\ccsv8\tools\compiler\ti-cgt-msp430_18.1.3.LTS\lib\</path>
         <kind>archive</kind>
         <file>rts430x_lc_rd_eabi.lib</file>
         <name>mult16_f5hw.asm.obj</name>
      </input_file>
      <input_file id="fl-44">
         <path>C:\ti\ccsv8\tools\compiler\ti-cgt-msp430_18.1.3.LTS\lib\</path>
         <kind>archive</kind>
         <file>rts430x_lc_rd_eabi.lib</file>
         <name>mult1632_f5hw.asm.obj</name>
      </input_file>
      <input_file id="fl-45">
         <path>C:\ti\ccsv8\tools\compiler\ti-cgt-msp430_18.1.3.LTS\lib\</path>
         <kind>archive</kind>
         <file>rts430x_lc_rd_eabi.lib</file>
         <name>mult32_f5hw.asm.obj</name>
      </input_file>
      <input_file id="fl-46">
         <path>C:\ti\ccsv8\tools\compiler\ti-cgt-msp430_18.1.3.LTS\lib\</path>
         <kind>archive</kind>
         <file>rts430x_lc_rd_eabi.lib</file>
         <name>mult3264_f5hw.asm.obj</name>
      </input_file>
      <input_file id="fl-47">
         <path>C:\ti\ccsv8\tools\compiler\ti-cgt-msp430_18.1.3.LTS\lib\</path>
         <kind>archive</kind>
         <file>rts430x_lc_rd_eabi.lib</file>
         <name>mult64_f5hw.asm.obj</name>
      </input_file>
      <input_file id="fl-48">
         <path>C:\ti\ccsv8\tools\compiler\ti-cgt-msp430_18.1.3.LTS\lib\</path>
         <kind>archive</kind>
         <file>rts430x_lc_rd_eabi.lib</file>
         <name>boot.c.obj</name>
      </input_file>
      <input_file id="fl-49">
         <path>C:\ti\ccsv8\tools\compiler\ti-cgt-msp430_18.1.3.LTS\lib\</path>
         <kind>archive</kind>
         <file>rts430x_lc_rd_eabi.lib</file>
         <name>autoinit.c.obj</name>
      </input_file>
      <input_file id="fl-4a">
         <path>C:\ti\ccsv8\tools\compiler\ti-cgt-msp430_18.1.3.LTS\lib\</path>
         <kind>archive</kind>
         <file>rts430x_lc_rd_eabi.lib</file>
         <name>copy_zero_init.c.obj</name>
      </input_file>
      <input_file id="fl-4b">
         <path>C:\ti\ccsv8\tools\compiler\ti-cgt-msp430_18.1.3.LTS\lib\</path>
         <kind>archive</kind>
         <file>rts430x_lc_rd_eabi.lib</file>
         <name>exit_gvars.c.obj</name>
      </input_file>
      <input_file id="fl-4c">
         <path>C:\ti\ccsv8\tools\compiler\ti-cgt-msp430_18.1.3.LTS\lib\</path>
         <kind>archive</kind>
         <file>rts430x_lc_rd_eabi.lib</file>
         <name>cpy_tbl.c.obj</name>
      </input_file>
      <input_file id="fl-4d">
         <path>C:\ti\ccsv8\tools\compiler\ti-cgt-msp430_18.1.3.LTS\lib\</path>
         <kind>archive</kind>
         <file>rts430x_lc_rd_eabi.lib</file>
         <name>mpu_init.c.obj</name>
      </input_file>
      <input_file id="fl-4e">
         <path>C:\ti\ccsv8\tools\compiler\ti-cgt-msp430_18.1.3.LTS\lib\</path>
         <kind>archive</kind>
         <file>rts430x_lc_rd_eabi.lib</file>
         <name>pre_init.c.obj</name>
      </input_file>
      <input_file id="fl-4f">
         <path>C:\ti\ccsv8\tools\compiler\ti-cgt-msp430_18.1.3.LTS\lib\</path>
         <kind>archive</kind>
         <file>rts430x_lc_rd_eabi.lib</file>
         <name>startup.c.obj</name>
      </input_file>
      <input_file id="fl-50">
         <path>C:\ti\ccsv8\tools\compiler\ti-cgt-msp430_18.1.3.LTS\lib\</path>
         <kind>archive</kind>
         <file>rts430x_lc_rd_eabi.lib</file>
         <name>copy_decompress_none.c.obj</name>
      </input_file>
      <input_file id="fl-51">
         <path>C:\ti\ccsv8\tools\compiler\ti-cgt-msp430_18.1.3.LTS\lib\</path>
         <kind>archive</kind>
         <file>rts430x_lc_rd_eabi.lib</file>
         <name>copy_decompress_lzss.c.obj</name>
      </input_file>
      <input_file id="fl-52">
         <path>C:\ti\ccsv8\tools\compiler\ti-cgt-msp430_18.1.3.LTS\lib\</path>
         <kind>archive</kind>
         <file>rts430x_lc_rd_eabi.lib</file>
         <name>exit.c.obj</name>
      </input_file>
      <input_file id="fl-53">
         <path>C:\ti\ccsv8\tools\compiler\ti-cgt-msp430_18.1.3.LTS\lib\</path>
         <kind>archive</kind>
         <file>rts430x_lc_rd_eabi.lib</file>
         <name>memory.c.obj</name>
      </input_file>
      <input_file id="fl-54">
         <path>C:\ti\ccsv8\tools\compiler\ti-cgt-msp430_18.1.3.LTS\lib\</path>
         <kind>archive</kind>
         <file>rts430x_lc_rd_eabi.lib</file>
         <name>_lock.c.obj</name>
      </input_file>
      <input_file id="fl-55">
         <path>C:\ti\ccsv8\tools\compiler\ti-cgt-msp430_18.1.3.LTS\lib\</path>
         <kind>archive</kind>
         <file>rts430x_lc_rd_eabi.lib</file>
         <name>args_main.c.obj</name>
      </input_file>
      <input_file id="fl-56">
         <path>C:\ti\ccsv8\tools\compiler\ti-cgt-msp430_18.1.3.LTS\lib\</path>
         <kind>archive</kind>
         <file>rts430x_lc_rd_eabi.lib</file>
         <name>memcpy.c.obj</name>
      </input_file>
      <input_file id="fl-57">
         <path>C:\ti\ccsv8\tools\compiler\ti-cgt-msp430_18.1.3.LTS\lib\</path>
         <kind>archive</kind>
         <file>rts430x_lc_rd_eabi.lib</file>
         <name>memmov.c.obj</name>
      </input_file>
      <input_file id="fl-58">
         <path>C:\ti\ccsv8\tools\compiler\ti-cgt-msp430_18.1.3.LTS\lib\</path>
         <kind>archive</kind>
         <file>rts430x_lc_rd_eabi.lib</file>
         <name>mult16.asm.obj</name>
      </input_file>
   </input_file_list>
   <object_component_list>
      <object_component id="oc-423">
         <name>.bss:feedbackNode_615</name>
         <uninitialized>true</uninitialized>
         <run_address>0x24aa</run_address>
         <size>0x8</size>
         <input_file_ref idref="fl-2"/>
      </object_component>
      <object_component id="oc-68d">
         <name>.bss</name>
         <uninitialized>true</uninitialized>
         <run_address>0x24b2</run_address>
         <size>0x4</size>
         <input_file_ref idref="fl-23"/>
      </object_component>
      <object_component id="oc-640">
         <name>.bss</name>
         <uninitialized>true</uninitialized>
         <run_address>0x24a0</run_address>
         <size>0xa</size>
         <input_file_ref idref="fl-53"/>
      </object_component>
      <object_component id="oc-42d">
         <name>.common:__dso_handle</name>
         <uninitialized>true</uninitialized>
         <run_address>0x24b6</run_address>
         <size>0x4</size>
      </object_component>
      <object_component id="oc-4e0">
         <name>.data</name>
         <load_address>0x24ca</load_address>
         <run_address>0x24ca</run_address>
         <size>0x4</size>
         <input_file_ref idref="fl-25"/>
      </object_component>
      <object_component id="oc-59b">
         <name>.data:__TI_cleanup_ptr</name>
         <load_address>0x24ba</load_address>
         <run_address>0x24ba</run_address>
         <size>0x4</size>
         <input_file_ref idref="fl-4b"/>
      </object_component>
      <object_component id="oc-598">
         <name>.data:__TI_dtors_ptr</name>
         <load_address>0x24be</load_address>
         <run_address>0x24be</run_address>
         <size>0x4</size>
         <input_file_ref idref="fl-4b"/>
      </object_component>
      <object_component id="oc-595">
         <name>.data</name>
         <load_address>0x24ce</load_address>
         <run_address>0x24ce</run_address>
         <size>0x2</size>
         <input_file_ref idref="fl-52"/>
      </object_component>
      <object_component id="oc-64e">
         <name>.data</name>
         <load_address>0x24d0</load_address>
         <run_address>0x24d0</run_address>
         <size>0x2</size>
         <input_file_ref idref="fl-53"/>
      </object_component>
      <object_component id="oc-4dd">
         <name>.data:_lock</name>
         <load_address>0x24c2</load_address>
         <run_address>0x24c2</run_address>
         <size>0x4</size>
         <input_file_ref idref="fl-54"/>
      </object_component>
      <object_component id="oc-4e9">
         <name>.data:_unlock</name>
         <load_address>0x24c6</load_address>
         <run_address>0x24c6</run_address>
         <size>0x4</size>
         <input_file_ref idref="fl-54"/>
      </object_component>
      <object_component id="oc-382">
         <name>.sysmem</name>
         <uninitialized>true</uninitialized>
         <run_address>0x2400</run_address>
         <size>0x6</size>
         <input_file_ref idref="fl-53"/>
      </object_component>
      <object_component id="oc-708">
         <name>.sysmem</name>
         <uninitialized>true</uninitialized>
         <run_address>0x2400</run_address>
         <size>0x0</size>
      </object_component>
      <object_component id="oc-37e">
         <name>.stack</name>
         <uninitialized>true</uninitialized>
         <run_address>0x4360</run_address>
         <size>0x4</size>
         <input_file_ref idref="fl-48"/>
      </object_component>
      <object_component id="oc-707">
         <name>.stack</name>
         <uninitialized>true</uninitialized>
         <run_address>0x4360</run_address>
         <size>0x0</size>
      </object_component>
      <object_component id="oc-407">
         <name>.text:main</name>
         <load_address>0x10000</load_address>
         <run_address>0x10000</run_address>
         <size>0x2f8</size>
         <input_file_ref idref="fl-2"/>
      </object_component>
      <object_component id="oc-45b">
         <name>.text:_ZNSt3__216__copy_unalignedINS_6vectorIbNS_9allocatorIbEEEELb1EEENS_14__bit_iteratorIT_Lb0ELi0EEENS5_IS6_XT0_ELi0EEES8_S7_</name>
         <load_address>0x102f8</load_address>
         <run_address>0x102f8</run_address>
         <size>0x2a0</size>
         <input_file_ref idref="fl-2"/>
      </object_component>
      <object_component id="oc-66b">
         <name>.text:_ZNSt3__216__copy_unalignedINS_6vectorIbNS_9allocatorIbEEEELb0EEENS_14__bit_iteratorIT_Lb0ELi0EEENS5_IS6_XT0_ELi0EEES8_S7_</name>
         <load_address>0x10598</load_address>
         <run_address>0x10598</run_address>
         <size>0x278</size>
         <input_file_ref idref="fl-2"/>
      </object_component>
      <object_component id="oc-462">
         <name>.text:_ZNSt3__214__copy_alignedINS_6vectorIbNS_9allocatorIbEEEELb1EEENS_14__bit_iteratorIT_Lb0ELi0EEENS5_IS6_XT0_ELi0EEES8_S7_</name>
         <load_address>0x10810</load_address>
         <run_address>0x10810</run_address>
         <size>0x142</size>
         <input_file_ref idref="fl-2"/>
      </object_component>
      <object_component id="oc-601">
         <name>.text:_ZNSt3__26vectorIbNS_9allocatorIbEEE18__construct_at_endINS_14__bit_iteratorIS3_Lb0ELj0EEEEENS_9enable_ifIXsr3std3__221__is_forward_iteratorIT_EE5valueEvE4typeES8_S8_</name>
         <load_address>0x10952</load_address>
         <run_address>0x10952</run_address>
         <size>0x134</size>
         <input_file_ref idref="fl-2"/>
      </object_component>
      <object_component id="oc-672">
         <name>.text:_ZNSt3__214__copy_alignedINS_6vectorIbNS_9allocatorIbEEEELb0EEENS_14__bit_iteratorIT_Lb0ELi0EEENS5_IS6_XT0_ELi0EEES8_S7_</name>
         <load_address>0x10a86</load_address>
         <run_address>0x10a86</run_address>
         <size>0x116</size>
         <input_file_ref idref="fl-2"/>
      </object_component>
      <object_component id="oc-44f">
         <name>.text:_ZNSt3__26vectorIbNS_9allocatorIbEEE9push_backERKb</name>
         <load_address>0x10b9c</load_address>
         <run_address>0x10b9c</run_address>
         <size>0xdc</size>
         <input_file_ref idref="fl-2"/>
      </object_component>
      <object_component id="oc-5da">
         <name>.text:malloc</name>
         <load_address>0x10c78</load_address>
         <run_address>0x10c78</run_address>
         <size>0xbc</size>
         <input_file_ref idref="fl-53"/>
      </object_component>
      <object_component id="oc-5c1">
         <name>.text:free</name>
         <load_address>0x10d34</load_address>
         <run_address>0x10d34</run_address>
         <size>0x8e</size>
         <input_file_ref idref="fl-53"/>
      </object_component>
      <object_component id="oc-500">
         <name>.text:_ZNSt3__26vectorIbNS_9allocatorIbEEE7reserveEj</name>
         <load_address>0x10dc2</load_address>
         <run_address>0x10dc2</run_address>
         <size>0x84</size>
         <input_file_ref idref="fl-2"/>
      </object_component>
      <object_component id="oc-6d">
         <name>.text:decompress:lzss:__TI_decompress_lzss</name>
         <load_address>0x10e46</load_address>
         <run_address>0x10e46</run_address>
         <size>0x76</size>
         <input_file_ref idref="fl-51"/>
      </object_component>
      <object_component id="oc-4aa">
         <name>.text:__TI_auto_init_nobinit_hold_wdt:__TI_auto_init_nobinit_hold_wdt</name>
         <load_address>0x10ebc</load_address>
         <run_address>0x10ebc</run_address>
         <size>0x70</size>
         <input_file_ref idref="fl-49"/>
      </object_component>
      <object_component id="oc-608">
         <name>.text:_ZNSt3__26vectorIbNS_9allocatorIbEEE4swapERS3_</name>
         <load_address>0x10f2c</load_address>
         <run_address>0x10f2c</run_address>
         <size>0x66</size>
         <input_file_ref idref="fl-2"/>
      </object_component>
      <object_component id="oc-658">
         <name>.text:_Z23__finalize_destructionsPP20a_needed_destructionPv</name>
         <load_address>0x10f92</load_address>
         <run_address>0x10f92</run_address>
         <size>0x4e</size>
         <input_file_ref idref="fl-25"/>
      </object_component>
      <object_component id="oc-5fa">
         <name>.text:_ZNSt3__26vectorIbNS_9allocatorIbEEE8allocateEj</name>
         <load_address>0x10fe0</load_address>
         <run_address>0x10fe0</run_address>
         <size>0x4a</size>
         <input_file_ref idref="fl-2"/>
      </object_component>
      <object_component id="oc-486">
         <name>.text:exit</name>
         <load_address>0x1102a</load_address>
         <run_address>0x1102a</run_address>
         <size>0x4a</size>
         <input_file_ref idref="fl-52"/>
      </object_component>
      <object_component id="oc-46e">
         <name>.text</name>
         <load_address>0x11074</load_address>
         <run_address>0x11074</run_address>
         <size>0x4a</size>
         <input_file_ref idref="fl-28"/>
      </object_component>
      <object_component id="oc-4e3">
         <name>.text:_Z25__add_destruction_to_listPP20a_needed_destructionPFYvPvES2_S2_</name>
         <load_address>0x110be</load_address>
         <run_address>0x110be</run_address>
         <size>0x46</size>
         <input_file_ref idref="fl-25"/>
      </object_component>
      <object_component id="oc-651">
         <name>.text:minit</name>
         <load_address>0x11104</load_address>
         <run_address>0x11104</run_address>
         <size>0x42</size>
         <input_file_ref idref="fl-53"/>
      </object_component>
      <object_component id="oc-469">
         <name>.text</name>
         <load_address>0x11146</load_address>
         <run_address>0x11146</run_address>
         <size>0x36</size>
         <input_file_ref idref="fl-29"/>
      </object_component>
      <object_component id="oc-456">
         <name>.text</name>
         <load_address>0x1117c</load_address>
         <run_address>0x1117c</run_address>
         <size>0x2c</size>
         <input_file_ref idref="fl-26"/>
      </object_component>
      <object_component id="oc-3de">
         <name>.text:__sti___9_blink_cpp_200b0252</name>
         <load_address>0x111a8</load_address>
         <run_address>0x111a8</run_address>
         <size>0x2a</size>
         <input_file_ref idref="fl-2"/>
      </object_component>
      <object_component id="oc-430">
         <name>.text:_ZN33_INTERNAL_11_dtor_list_c_14e673d611__TI_atexitEPFYvPvES0_S0_</name>
         <load_address>0x111d2</load_address>
         <run_address>0x111d2</run_address>
         <size>0x26</size>
         <input_file_ref idref="fl-25"/>
      </object_component>
      <object_component id="oc-517">
         <name>.text:memmove</name>
         <load_address>0x111f8</load_address>
         <run_address>0x111f8</run_address>
         <size>0x26</size>
         <input_file_ref idref="fl-57"/>
      </object_component>
      <object_component id="oc-665">
         <name>.text:_Znwj</name>
         <load_address>0x1121e</load_address>
         <run_address>0x1121e</run_address>
         <size>0x24</size>
         <input_file_ref idref="fl-23"/>
      </object_component>
      <object_component id="oc-3a2">
         <name>.text:decompress:ZI:__TI_zero_init_nomemset:__TI_zero_init_nomemset</name>
         <load_address>0x11242</load_address>
         <run_address>0x11242</run_address>
         <size>0x24</size>
         <input_file_ref idref="fl-4a"/>
      </object_component>
      <object_component id="oc-4f2">
         <name>.text:_ZNKSt3__26vectorIbNS_9allocatorIbEEE8max_sizeEv</name>
         <load_address>0x11266</load_address>
         <run_address>0x11266</run_address>
         <size>0x18</size>
         <input_file_ref idref="fl-2"/>
      </object_component>
      <object_component id="oc-426">
         <name>.text:_ZNSt3__26vectorIbNS_9allocatorIbEEED1Ev</name>
         <load_address>0x1127e</load_address>
         <run_address>0x1127e</run_address>
         <size>0x18</size>
         <input_file_ref idref="fl-2"/>
      </object_component>
      <object_component id="oc-50c">
         <name>.text</name>
         <load_address>0x11296</load_address>
         <run_address>0x11296</run_address>
         <size>0x16</size>
         <input_file_ref idref="fl-27"/>
      </object_component>
      <object_component id="oc-390">
         <name>.text:memcpy</name>
         <load_address>0x112ac</load_address>
         <run_address>0x112ac</run_address>
         <size>0x14</size>
         <input_file_ref idref="fl-56"/>
      </object_component>
      <object_component id="oc-73">
         <name>.text:decompress:none:__TI_decompress_none</name>
         <load_address>0x112c0</load_address>
         <run_address>0x112c0</run_address>
         <size>0x12</size>
         <input_file_ref idref="fl-50"/>
      </object_component>
      <object_component id="oc-4c1">
         <name>.text:_ZdlPv</name>
         <load_address>0x112d2</load_address>
         <run_address>0x112d2</run_address>
         <size>0xa</size>
         <input_file_ref idref="fl-23"/>
      </object_component>
      <object_component id="oc-5e0">
         <name>.text:__cxa_ia64_exit</name>
         <load_address>0x112dc</load_address>
         <run_address>0x112dc</run_address>
         <size>0xa</size>
         <input_file_ref idref="fl-25"/>
      </object_component>
      <object_component id="oc-507">
         <name>.text</name>
         <load_address>0x112e6</load_address>
         <run_address>0x112e6</run_address>
         <size>0xa</size>
         <input_file_ref idref="fl-41"/>
      </object_component>
      <object_component id="oc-512">
         <name>.text</name>
         <load_address>0x112f0</load_address>
         <run_address>0x112f0</run_address>
         <size>0xa</size>
         <input_file_ref idref="fl-42"/>
      </object_component>
      <object_component id="oc-4f9">
         <name>.text:_ZNKSt3__220__vector_base_commonILb1EE20__throw_length_errorEv</name>
         <load_address>0x112fa</load_address>
         <run_address>0x112fa</run_address>
         <size>0x8</size>
         <input_file_ref idref="fl-24"/>
      </object_component>
      <object_component id="oc-5ee">
         <name>.text:_ZNSt3__220__throw_length_errorEPKc</name>
         <load_address>0x11302</load_address>
         <run_address>0x11302</run_address>
         <size>0x6</size>
         <input_file_ref idref="fl-2"/>
      </object_component>
      <object_component id="oc-480">
         <name>.text:abort</name>
         <load_address>0x11308</load_address>
         <run_address>0x11308</run_address>
         <size>0x6</size>
         <input_file_ref idref="fl-52"/>
      </object_component>
      <object_component id="oc-401">
         <name>.text:_system_pre_init</name>
         <load_address>0x1130e</load_address>
         <run_address>0x1130e</run_address>
         <size>0x4</size>
         <input_file_ref idref="fl-4e"/>
      </object_component>
      <object_component id="oc-5cf">
         <name>.text:_nop</name>
         <load_address>0x11312</load_address>
         <run_address>0x11312</run_address>
         <size>0x2</size>
         <input_file_ref idref="fl-54"/>
      </object_component>
      <object_component id="oc-5a0">
         <name>.text:_system_post_cinit</name>
         <load_address>0x11314</load_address>
         <run_address>0x11314</run_address>
         <size>0x2</size>
         <input_file_ref idref="fl-4f"/>
      </object_component>
      <object_component id="oc-3b4">
         <name>.text:_isr:_c_int00_noargs</name>
         <load_address>0x4400</load_address>
         <run_address>0x4400</run_address>
         <size>0x1c</size>
         <input_file_ref idref="fl-48"/>
      </object_component>
      <object_component id="oc-39d">
         <name>.text:_isr:__TI_ISR_TRAP</name>
         <load_address>0x441c</load_address>
         <run_address>0x441c</run_address>
         <size>0x8</size>
         <input_file_ref idref="fl-40"/>
      </object_component>
      <object_component id="oc-705">
         <name>.cinit..data.load</name>
         <load_address>0x4474</load_address>
         <run_address>0x4474</run_address>
         <size>0x12</size>
      </object_component>
      <object_component id="oc-702">
         <name>__TI_handler_table</name>
         <load_address>0x4486</load_address>
         <run_address>0x4486</run_address>
         <size>0xc</size>
      </object_component>
      <object_component id="oc-704">
         <name>.cinit..bss.load</name>
         <load_address>0x4492</load_address>
         <run_address>0x4492</run_address>
         <size>0x6</size>
      </object_component>
      <object_component id="oc-703">
         <name>__TI_cinit_table</name>
         <load_address>0x4498</load_address>
         <run_address>0x4498</run_address>
         <size>0x10</size>
      </object_component>
      <object_component id="oc-660">
         <name>.const:.string:_ZZNSt3__29allocatorIjE8allocateEjPKvEs</name>
         <load_address>0x4428</load_address>
         <run_address>0x4428</run_address>
         <size>0x44</size>
         <input_file_ref idref="fl-2"/>
      </object_component>
      <object_component id="oc-5e9">
         <name>.const:.string:_ZZNKSt3__220__vector_base_commonILb1EE20__throw_length_errorEvEs</name>
         <load_address>0x446c</load_address>
         <run_address>0x446c</run_address>
         <size>0x7</size>
         <input_file_ref idref="fl-24"/>
      </object_component>
      <object_component id="oc-694">
         <name>.binit</name>
         <load_address>0x4400</load_address>
         <run_address>0x4400</run_address>
         <size>0x0</size>
      </object_component>
      <object_component id="oc-37d">
         <name>.init_array</name>
         <load_address>0x4424</load_address>
         <run_address>0x4424</run_address>
         <size>0x4</size>
         <input_file_ref idref="fl-2"/>
      </object_component>
      <object_component id="oc-706">
         <name>__TI_INITARRAY_Limit</name>
         <load_address>0x4428</load_address>
         <run_address>0x4428</run_address>
         <size>0x0</size>
      </object_component>
      <object_component id="oc-79">
         <name>.int41</name>
         <load_address>0xffd2</load_address>
         <run_address>0xffd2</run_address>
         <size>0x2</size>
         <input_file_ref idref="fl-2a"/>
      </object_component>
      <object_component id="oc-7a">
         <name>.int42</name>
         <load_address>0xffd4</load_address>
         <run_address>0xffd4</run_address>
         <size>0x2</size>
         <input_file_ref idref="fl-2b"/>
      </object_component>
      <object_component id="oc-7b">
         <name>.int43</name>
         <load_address>0xffd6</load_address>
         <run_address>0xffd6</run_address>
         <size>0x2</size>
         <input_file_ref idref="fl-2c"/>
      </object_component>
      <object_component id="oc-7c">
         <name>.int44</name>
         <load_address>0xffd8</load_address>
         <run_address>0xffd8</run_address>
         <size>0x2</size>
         <input_file_ref idref="fl-2d"/>
      </object_component>
      <object_component id="oc-7d">
         <name>.int45</name>
         <load_address>0xffda</load_address>
         <run_address>0xffda</run_address>
         <size>0x2</size>
         <input_file_ref idref="fl-2e"/>
      </object_component>
      <object_component id="oc-7e">
         <name>.int46</name>
         <load_address>0xffdc</load_address>
         <run_address>0xffdc</run_address>
         <size>0x2</size>
         <input_file_ref idref="fl-2f"/>
      </object_component>
      <object_component id="oc-7f">
         <name>.int47</name>
         <load_address>0xffde</load_address>
         <run_address>0xffde</run_address>
         <size>0x2</size>
         <input_file_ref idref="fl-30"/>
      </object_component>
      <object_component id="oc-80">
         <name>.int48</name>
         <load_address>0xffe0</load_address>
         <run_address>0xffe0</run_address>
         <size>0x2</size>
         <input_file_ref idref="fl-31"/>
      </object_component>
      <object_component id="oc-81">
         <name>.int49</name>
         <load_address>0xffe2</load_address>
         <run_address>0xffe2</run_address>
         <size>0x2</size>
         <input_file_ref idref="fl-32"/>
      </object_component>
      <object_component id="oc-82">
         <name>.int50</name>
         <load_address>0xffe4</load_address>
         <run_address>0xffe4</run_address>
         <size>0x2</size>
         <input_file_ref idref="fl-33"/>
      </object_component>
      <object_component id="oc-83">
         <name>.int51</name>
         <load_address>0xffe6</load_address>
         <run_address>0xffe6</run_address>
         <size>0x2</size>
         <input_file_ref idref="fl-34"/>
      </object_component>
      <object_component id="oc-84">
         <name>.int52</name>
         <load_address>0xffe8</load_address>
         <run_address>0xffe8</run_address>
         <size>0x2</size>
         <input_file_ref idref="fl-35"/>
      </object_component>
      <object_component id="oc-85">
         <name>.int53</name>
         <load_address>0xffea</load_address>
         <run_address>0xffea</run_address>
         <size>0x2</size>
         <input_file_ref idref="fl-36"/>
      </object_component>
      <object_component id="oc-86">
         <name>.int54</name>
         <load_address>0xffec</load_address>
         <run_address>0xffec</run_address>
         <size>0x2</size>
         <input_file_ref idref="fl-37"/>
      </object_component>
      <object_component id="oc-87">
         <name>.int55</name>
         <load_address>0xffee</load_address>
         <run_address>0xffee</run_address>
         <size>0x2</size>
         <input_file_ref idref="fl-38"/>
      </object_component>
      <object_component id="oc-88">
         <name>.int56</name>
         <load_address>0xfff0</load_address>
         <run_address>0xfff0</run_address>
         <size>0x2</size>
         <input_file_ref idref="fl-39"/>
      </object_component>
      <object_component id="oc-89">
         <name>.int57</name>
         <load_address>0xfff2</load_address>
         <run_address>0xfff2</run_address>
         <size>0x2</size>
         <input_file_ref idref="fl-3a"/>
      </object_component>
      <object_component id="oc-8a">
         <name>.int58</name>
         <load_address>0xfff4</load_address>
         <run_address>0xfff4</run_address>
         <size>0x2</size>
         <input_file_ref idref="fl-3b"/>
      </object_component>
      <object_component id="oc-8b">
         <name>.int59</name>
         <load_address>0xfff6</load_address>
         <run_address>0xfff6</run_address>
         <size>0x2</size>
         <input_file_ref idref="fl-3c"/>
      </object_component>
      <object_component id="oc-8c">
         <name>.int60</name>
         <load_address>0xfff8</load_address>
         <run_address>0xfff8</run_address>
         <size>0x2</size>
         <input_file_ref idref="fl-3d"/>
      </object_component>
      <object_component id="oc-8d">
         <name>.int61</name>
         <load_address>0xfffa</load_address>
         <run_address>0xfffa</run_address>
         <size>0x2</size>
         <input_file_ref idref="fl-3e"/>
      </object_component>
      <object_component id="oc-8e">
         <name>.int62</name>
         <load_address>0xfffc</load_address>
         <run_address>0xfffc</run_address>
         <size>0x2</size>
         <input_file_ref idref="fl-3f"/>
      </object_component>
      <object_component id="oc-381">
         <name>.reset</name>
         <load_address>0xfffe</load_address>
         <run_address>0xfffe</run_address>
         <size>0x2</size>
         <input_file_ref idref="fl-48"/>
      </object_component>
      <object_component id="oc-47e">
         <name>.debug_info</name>
         <load_address>0x0</load_address>
         <run_address>0x0</run_address>
         <size>0xa5ea</size>
         <input_file_ref idref="fl-2"/>
      </object_component>
      <object_component id="oc-424">
         <name>.debug_info</name>
         <load_address>0xa5ea</load_address>
         <run_address>0xa5ea</run_address>
         <size>0x1c2</size>
         <input_file_ref idref="fl-2"/>
      </object_component>
      <object_component id="oc-661">
         <name>.debug_info</name>
         <load_address>0xa7ac</load_address>
         <run_address>0xa7ac</run_address>
         <size>0x1e6</size>
         <input_file_ref idref="fl-2"/>
      </object_component>
      <object_component id="oc-4f3">
         <name>.debug_info</name>
         <load_address>0xa992</load_address>
         <run_address>0xa992</run_address>
         <size>0x2d5</size>
         <input_file_ref idref="fl-2"/>
      </object_component>
      <object_component id="oc-5ef">
         <name>.debug_info</name>
         <load_address>0xac67</load_address>
         <run_address>0xac67</run_address>
         <size>0x2a8</size>
         <input_file_ref idref="fl-2"/>
      </object_component>
      <object_component id="oc-5fb">
         <name>.debug_info</name>
         <load_address>0xaf0f</load_address>
         <run_address>0xaf0f</run_address>
         <size>0x391</size>
         <input_file_ref idref="fl-2"/>
      </object_component>
      <object_component id="oc-66c">
         <name>.debug_info</name>
         <load_address>0xb2a0</load_address>
         <run_address>0xb2a0</run_address>
         <size>0x66f</size>
         <input_file_ref idref="fl-2"/>
      </object_component>
      <object_component id="oc-673">
         <name>.debug_info</name>
         <load_address>0xb90f</load_address>
         <run_address>0xb90f</run_address>
         <size>0x502</size>
         <input_file_ref idref="fl-2"/>
      </object_component>
      <object_component id="oc-602">
         <name>.debug_info</name>
         <load_address>0xbe11</load_address>
         <run_address>0xbe11</run_address>
         <size>0x652</size>
         <input_file_ref idref="fl-2"/>
      </object_component>
      <object_component id="oc-609">
         <name>.debug_info</name>
         <load_address>0xc463</load_address>
         <run_address>0xc463</run_address>
         <size>0x3d8</size>
         <input_file_ref idref="fl-2"/>
      </object_component>
      <object_component id="oc-427">
         <name>.debug_info</name>
         <load_address>0xc83b</load_address>
         <run_address>0xc83b</run_address>
         <size>0x2bb</size>
         <input_file_ref idref="fl-2"/>
      </object_component>
      <object_component id="oc-501">
         <name>.debug_info</name>
         <load_address>0xcaf6</load_address>
         <run_address>0xcaf6</run_address>
         <size>0x4d7</size>
         <input_file_ref idref="fl-2"/>
      </object_component>
      <object_component id="oc-450">
         <name>.debug_info</name>
         <load_address>0xcfcd</load_address>
         <run_address>0xcfcd</run_address>
         <size>0x4ba</size>
         <input_file_ref idref="fl-2"/>
      </object_component>
      <object_component id="oc-45c">
         <name>.debug_info</name>
         <load_address>0xd487</load_address>
         <run_address>0xd487</run_address>
         <size>0x697</size>
         <input_file_ref idref="fl-2"/>
      </object_component>
      <object_component id="oc-463">
         <name>.debug_info</name>
         <load_address>0xdb1e</load_address>
         <run_address>0xdb1e</run_address>
         <size>0x52a</size>
         <input_file_ref idref="fl-2"/>
      </object_component>
      <object_component id="oc-408">
         <name>.debug_info</name>
         <load_address>0xe048</load_address>
         <run_address>0xe048</run_address>
         <size>0x7b7</size>
         <input_file_ref idref="fl-2"/>
      </object_component>
      <object_component id="oc-3df">
         <name>.debug_info</name>
         <load_address>0xe7ff</load_address>
         <run_address>0xe7ff</run_address>
         <size>0x212</size>
         <input_file_ref idref="fl-2"/>
      </object_component>
      <object_component id="oc-533">
         <name>.debug_info</name>
         <load_address>0xea11</load_address>
         <run_address>0xea11</run_address>
         <size>0x1434</size>
         <input_file_ref idref="fl-2"/>
      </object_component>
      <object_component id="oc-51d">
         <name>.debug_info</name>
         <load_address>0xfe45</load_address>
         <run_address>0xfe45</run_address>
         <size>0x26a</size>
         <input_file_ref idref="fl-2"/>
      </object_component>
      <object_component id="oc-474">
         <name>.debug_info</name>
         <load_address>0x100af</load_address>
         <run_address>0x100af</run_address>
         <size>0x964</size>
         <input_file_ref idref="fl-2"/>
      </object_component>
      <object_component id="oc-529">
         <name>.debug_info</name>
         <load_address>0x10a13</load_address>
         <run_address>0x10a13</run_address>
         <size>0x58fb</size>
         <input_file_ref idref="fl-2"/>
      </object_component>
      <object_component id="oc-558">
         <name>.debug_info</name>
         <load_address>0x1630e</load_address>
         <run_address>0x1630e</run_address>
         <size>0x1c6</size>
         <input_file_ref idref="fl-2"/>
      </object_component>
      <object_component id="oc-4c7">
         <name>.debug_info</name>
         <load_address>0x164d4</load_address>
         <run_address>0x164d4</run_address>
         <size>0x20fb</size>
         <input_file_ref idref="fl-2"/>
      </object_component>
      <object_component id="oc-53f">
         <name>.debug_info</name>
         <load_address>0x185cf</load_address>
         <run_address>0x185cf</run_address>
         <size>0x763</size>
         <input_file_ref idref="fl-2"/>
      </object_component>
      <object_component id="oc-437">
         <name>.debug_info</name>
         <load_address>0x18d32</load_address>
         <run_address>0x18d32</run_address>
         <size>0x8b</size>
         <input_file_ref idref="fl-2"/>
      </object_component>
      <object_component id="oc-549">
         <name>.debug_info</name>
         <load_address>0x18dbd</load_address>
         <run_address>0x18dbd</run_address>
         <size>0x2c</size>
         <input_file_ref idref="fl-2"/>
      </object_component>
      <object_component id="oc-58f">
         <name>.debug_info</name>
         <load_address>0x18de9</load_address>
         <run_address>0x18de9</run_address>
         <size>0x198</size>
         <input_file_ref idref="fl-2"/>
      </object_component>
      <object_component id="oc-585">
         <name>.debug_info</name>
         <load_address>0x18f81</load_address>
         <run_address>0x18f81</run_address>
         <size>0x201</size>
         <input_file_ref idref="fl-2"/>
      </object_component>
      <object_component id="oc-544">
         <name>.debug_info</name>
         <load_address>0x19182</load_address>
         <run_address>0x19182</run_address>
         <size>0x25f</size>
         <input_file_ref idref="fl-2"/>
      </object_component>
      <object_component id="oc-562">
         <name>.debug_info</name>
         <load_address>0x193e1</load_address>
         <run_address>0x193e1</run_address>
         <size>0x11e</size>
         <input_file_ref idref="fl-2"/>
      </object_component>
      <object_component id="oc-538">
         <name>.debug_info</name>
         <load_address>0x194ff</load_address>
         <run_address>0x194ff</run_address>
         <size>0x4aa</size>
         <input_file_ref idref="fl-2"/>
      </object_component>
      <object_component id="oc-55d">
         <name>.debug_info</name>
         <load_address>0x199a9</load_address>
         <run_address>0x199a9</run_address>
         <size>0xea</size>
         <input_file_ref idref="fl-2"/>
      </object_component>
      <object_component id="oc-524">
         <name>.debug_info</name>
         <load_address>0x19a93</load_address>
         <run_address>0x19a93</run_address>
         <size>0x28d</size>
         <input_file_ref idref="fl-2"/>
      </object_component>
      <object_component id="oc-54e">
         <name>.debug_info</name>
         <load_address>0x19d20</load_address>
         <run_address>0x19d20</run_address>
         <size>0xf3e</size>
         <input_file_ref idref="fl-2"/>
      </object_component>
      <object_component id="oc-479">
         <name>.debug_info</name>
         <load_address>0x1ac5e</load_address>
         <run_address>0x1ac5e</run_address>
         <size>0x640</size>
         <input_file_ref idref="fl-2"/>
      </object_component>
      <object_component id="oc-619">
         <name>.debug_info</name>
         <load_address>0x1b29e</load_address>
         <run_address>0x1b29e</run_address>
         <size>0x275</size>
         <input_file_ref idref="fl-2"/>
      </object_component>
      <object_component id="oc-614">
         <name>.debug_info</name>
         <load_address>0x1b513</load_address>
         <run_address>0x1b513</run_address>
         <size>0xef</size>
         <input_file_ref idref="fl-2"/>
      </object_component>
      <object_component id="oc-553">
         <name>.debug_info</name>
         <load_address>0x1b602</load_address>
         <run_address>0x1b602</run_address>
         <size>0xbb</size>
         <input_file_ref idref="fl-2"/>
      </object_component>
      <object_component id="oc-56c">
         <name>.debug_info</name>
         <load_address>0x1b6bd</load_address>
         <run_address>0x1b6bd</run_address>
         <size>0x2a1</size>
         <input_file_ref idref="fl-2"/>
      </object_component>
      <object_component id="oc-52e">
         <name>.debug_info</name>
         <load_address>0x1b95e</load_address>
         <run_address>0x1b95e</run_address>
         <size>0x72</size>
         <input_file_ref idref="fl-2"/>
      </object_component>
      <object_component id="oc-5ca">
         <name>.debug_info</name>
         <load_address>0x1b9d0</load_address>
         <run_address>0x1b9d0</run_address>
         <size>0x39</size>
         <input_file_ref idref="fl-2"/>
      </object_component>
      <object_component id="oc-580">
         <name>.debug_info</name>
         <load_address>0x1ba09</load_address>
         <run_address>0x1ba09</run_address>
         <size>0x2fe</size>
         <input_file_ref idref="fl-2"/>
      </object_component>
      <object_component id="oc-567">
         <name>.debug_info</name>
         <load_address>0x1bd07</load_address>
         <run_address>0x1bd07</run_address>
         <size>0x626</size>
         <input_file_ref idref="fl-2"/>
      </object_component>
      <object_component id="oc-571">
         <name>.debug_info</name>
         <load_address>0x1c32d</load_address>
         <run_address>0x1c32d</run_address>
         <size>0x7b</size>
         <input_file_ref idref="fl-2"/>
      </object_component>
      <object_component id="oc-576">
         <name>.debug_info</name>
         <load_address>0x1c3a8</load_address>
         <run_address>0x1c3a8</run_address>
         <size>0x373</size>
         <input_file_ref idref="fl-2"/>
      </object_component>
      <object_component id="oc-57b">
         <name>.debug_info</name>
         <load_address>0x1c71b</load_address>
         <run_address>0x1c71b</run_address>
         <size>0x35</size>
         <input_file_ref idref="fl-2"/>
      </object_component>
      <object_component id="oc-58a">
         <name>.debug_info</name>
         <load_address>0x1c750</load_address>
         <run_address>0x1c750</run_address>
         <size>0x22d</size>
         <input_file_ref idref="fl-2"/>
      </object_component>
      <object_component id="oc-5c8">
         <name>.debug_info</name>
         <load_address>0x1c97d</load_address>
         <run_address>0x1c97d</run_address>
         <size>0x34c</size>
         <input_file_ref idref="fl-23"/>
      </object_component>
      <object_component id="oc-68e">
         <name>.debug_info</name>
         <load_address>0x1ccc9</load_address>
         <run_address>0x1ccc9</run_address>
         <size>0x149</size>
         <input_file_ref idref="fl-23"/>
      </object_component>
      <object_component id="oc-666">
         <name>.debug_info</name>
         <load_address>0x1ce12</load_address>
         <run_address>0x1ce12</run_address>
         <size>0x190</size>
         <input_file_ref idref="fl-23"/>
      </object_component>
      <object_component id="oc-4c2">
         <name>.debug_info</name>
         <load_address>0x1cfa2</load_address>
         <run_address>0x1cfa2</run_address>
         <size>0x170</size>
         <input_file_ref idref="fl-23"/>
      </object_component>
      <object_component id="oc-38b">
         <name>.debug_info</name>
         <load_address>0x1d112</load_address>
         <run_address>0x1d112</run_address>
         <size>0x84</size>
         <input_file_ref idref="fl-23"/>
      </object_component>
      <object_component id="oc-646">
         <name>.debug_info</name>
         <load_address>0x1d196</load_address>
         <run_address>0x1d196</run_address>
         <size>0x6c</size>
         <input_file_ref idref="fl-23"/>
      </object_component>
      <object_component id="oc-4ce">
         <name>.debug_info</name>
         <load_address>0x1d202</load_address>
         <run_address>0x1d202</run_address>
         <size>0x2c</size>
         <input_file_ref idref="fl-23"/>
      </object_component>
      <object_component id="oc-65f">
         <name>.debug_info</name>
         <load_address>0x1d22e</load_address>
         <run_address>0x1d22e</run_address>
         <size>0x1d5</size>
         <input_file_ref idref="fl-24"/>
      </object_component>
      <object_component id="oc-5ea">
         <name>.debug_info</name>
         <load_address>0x1d403</load_address>
         <run_address>0x1d403</run_address>
         <size>0x169</size>
         <input_file_ref idref="fl-24"/>
      </object_component>
      <object_component id="oc-4fa">
         <name>.debug_info</name>
         <load_address>0x1d56c</load_address>
         <run_address>0x1d56c</run_address>
         <size>0x1bb</size>
         <input_file_ref idref="fl-24"/>
      </object_component>
      <object_component id="oc-5f5">
         <name>.debug_info</name>
         <load_address>0x1d727</load_address>
         <run_address>0x1d727</run_address>
         <size>0xb1</size>
         <input_file_ref idref="fl-24"/>
      </object_component>
      <object_component id="oc-42e">
         <name>.debug_info</name>
         <load_address>0x1d7d8</load_address>
         <run_address>0x1d7d8</run_address>
         <size>0x297</size>
         <input_file_ref idref="fl-25"/>
      </object_component>
      <object_component id="oc-4e1">
         <name>.debug_info</name>
         <load_address>0x1da6f</load_address>
         <run_address>0x1da6f</run_address>
         <size>0x11b</size>
         <input_file_ref idref="fl-25"/>
      </object_component>
      <object_component id="oc-4e4">
         <name>.debug_info</name>
         <load_address>0x1db8a</load_address>
         <run_address>0x1db8a</run_address>
         <size>0x2c4</size>
         <input_file_ref idref="fl-25"/>
      </object_component>
      <object_component id="oc-659">
         <name>.debug_info</name>
         <load_address>0x1de4e</load_address>
         <run_address>0x1de4e</run_address>
         <size>0x245</size>
         <input_file_ref idref="fl-25"/>
      </object_component>
      <object_component id="oc-5e1">
         <name>.debug_info</name>
         <load_address>0x1e093</load_address>
         <run_address>0x1e093</run_address>
         <size>0x194</size>
         <input_file_ref idref="fl-25"/>
      </object_component>
      <object_component id="oc-431">
         <name>.debug_info</name>
         <load_address>0x1e227</load_address>
         <run_address>0x1e227</run_address>
         <size>0x2a1</size>
         <input_file_ref idref="fl-25"/>
      </object_component>
      <object_component id="oc-4d8">
         <name>.debug_info</name>
         <load_address>0x1e4c8</load_address>
         <run_address>0x1e4c8</run_address>
         <size>0x46</size>
         <input_file_ref idref="fl-25"/>
      </object_component>
      <object_component id="oc-4d3">
         <name>.debug_info</name>
         <load_address>0x1e50e</load_address>
         <run_address>0x1e50e</run_address>
         <size>0xbc</size>
         <input_file_ref idref="fl-25"/>
      </object_component>
      <object_component id="oc-457">
         <name>.debug_info</name>
         <load_address>0x1e5ca</load_address>
         <run_address>0x1e5ca</run_address>
         <size>0x12d</size>
         <input_file_ref idref="fl-26"/>
      </object_component>
      <object_component id="oc-50d">
         <name>.debug_info</name>
         <load_address>0x1e6f7</load_address>
         <run_address>0x1e6f7</run_address>
         <size>0x119</size>
         <input_file_ref idref="fl-27"/>
      </object_component>
      <object_component id="oc-470">
         <name>.debug_info</name>
         <load_address>0x1e810</load_address>
         <run_address>0x1e810</run_address>
         <size>0x125</size>
         <input_file_ref idref="fl-28"/>
      </object_component>
      <object_component id="oc-46a">
         <name>.debug_info</name>
         <load_address>0x1e935</load_address>
         <run_address>0x1e935</run_address>
         <size>0x122</size>
         <input_file_ref idref="fl-29"/>
      </object_component>
      <object_component id="oc-39e">
         <name>.debug_info</name>
         <load_address>0x1ea57</load_address>
         <run_address>0x1ea57</run_address>
         <size>0x107</size>
         <input_file_ref idref="fl-40"/>
      </object_component>
      <object_component id="oc-508">
         <name>.debug_info</name>
         <load_address>0x1eb5e</load_address>
         <run_address>0x1eb5e</run_address>
         <size>0x118</size>
         <input_file_ref idref="fl-41"/>
      </object_component>
      <object_component id="oc-513">
         <name>.debug_info</name>
         <load_address>0x1ec76</load_address>
         <run_address>0x1ec76</run_address>
         <size>0x118</size>
         <input_file_ref idref="fl-42"/>
      </object_component>
      <object_component id="oc-37f">
         <name>.debug_info</name>
         <load_address>0x1ed8e</load_address>
         <run_address>0x1ed8e</run_address>
         <size>0xf5</size>
         <input_file_ref idref="fl-48"/>
      </object_component>
      <object_component id="oc-3b5">
         <name>.debug_info</name>
         <load_address>0x1ee83</load_address>
         <run_address>0x1ee83</run_address>
         <size>0x16f</size>
         <input_file_ref idref="fl-48"/>
      </object_component>
      <object_component id="oc-5a7">
         <name>.debug_info</name>
         <load_address>0x1eff2</load_address>
         <run_address>0x1eff2</run_address>
         <size>0x490</size>
         <input_file_ref idref="fl-49"/>
      </object_component>
      <object_component id="oc-4ab">
         <name>.debug_info</name>
         <load_address>0x1f482</load_address>
         <run_address>0x1f482</run_address>
         <size>0x21c</size>
         <input_file_ref idref="fl-49"/>
      </object_component>
      <object_component id="oc-62a">
         <name>.debug_info</name>
         <load_address>0x1f69e</load_address>
         <run_address>0x1f69e</run_address>
         <size>0x39</size>
         <input_file_ref idref="fl-49"/>
      </object_component>
      <object_component id="oc-63b">
         <name>.debug_info</name>
         <load_address>0x1f6d7</load_address>
         <run_address>0x1f6d7</run_address>
         <size>0x2c</size>
         <input_file_ref idref="fl-49"/>
      </object_component>
      <object_component id="oc-5b2">
         <name>.debug_info</name>
         <load_address>0x1f703</load_address>
         <run_address>0x1f703</run_address>
         <size>0x2c</size>
         <input_file_ref idref="fl-49"/>
      </object_component>
      <object_component id="oc-62f">
         <name>.debug_info</name>
         <load_address>0x1f72f</load_address>
         <run_address>0x1f72f</run_address>
         <size>0xcd</size>
         <input_file_ref idref="fl-49"/>
      </object_component>
      <object_component id="oc-3ff">
         <name>.debug_info</name>
         <load_address>0x1f7fc</load_address>
         <run_address>0x1f7fc</run_address>
         <size>0x1be</size>
         <input_file_ref idref="fl-4a"/>
      </object_component>
      <object_component id="oc-3a3">
         <name>.debug_info</name>
         <load_address>0x1f9ba</load_address>
         <run_address>0x1f9ba</run_address>
         <size>0x1cc</size>
         <input_file_ref idref="fl-4a"/>
      </object_component>
      <object_component id="oc-3fa">
         <name>.debug_info</name>
         <load_address>0x1fb86</load_address>
         <run_address>0x1fb86</run_address>
         <size>0x46</size>
         <input_file_ref idref="fl-4a"/>
      </object_component>
      <object_component id="oc-622">
         <name>.debug_info</name>
         <load_address>0x1fbcc</load_address>
         <run_address>0x1fbcc</run_address>
         <size>0xf8</size>
         <input_file_ref idref="fl-4b"/>
      </object_component>
      <object_component id="oc-59c">
         <name>.debug_info</name>
         <load_address>0x1fcc4</load_address>
         <run_address>0x1fcc4</run_address>
         <size>0x10f</size>
         <input_file_ref idref="fl-4b"/>
      </object_component>
      <object_component id="oc-599">
         <name>.debug_info</name>
         <load_address>0x1fdd3</load_address>
         <run_address>0x1fdd3</run_address>
         <size>0x10b</size>
         <input_file_ref idref="fl-4b"/>
      </object_component>
      <object_component id="oc-3f1">
         <name>.debug_info</name>
         <load_address>0x1fede</load_address>
         <run_address>0x1fede</run_address>
         <size>0x2c</size>
         <input_file_ref idref="fl-4c"/>
      </object_component>
      <object_component id="oc-402">
         <name>.debug_info</name>
         <load_address>0x1ff0a</load_address>
         <run_address>0x1ff0a</run_address>
         <size>0x148</size>
         <input_file_ref idref="fl-4e"/>
      </object_component>
      <object_component id="oc-5a1">
         <name>.debug_info</name>
         <load_address>0x20052</load_address>
         <run_address>0x20052</run_address>
         <size>0x145</size>
         <input_file_ref idref="fl-4f"/>
      </object_component>
      <object_component id="oc-39c">
         <name>.debug_info</name>
         <load_address>0x20197</load_address>
         <run_address>0x20197</run_address>
         <size>0x184</size>
         <input_file_ref idref="fl-50"/>
      </object_component>
      <object_component id="oc-74">
         <name>.debug_info</name>
         <load_address>0x2031b</load_address>
         <run_address>0x2031b</run_address>
         <size>0x1c8</size>
         <input_file_ref idref="fl-50"/>
      </object_component>
      <object_component id="oc-397">
         <name>.debug_info</name>
         <load_address>0x204e3</load_address>
         <run_address>0x204e3</run_address>
         <size>0x46</size>
         <input_file_ref idref="fl-50"/>
      </object_component>
      <object_component id="oc-3ee">
         <name>.debug_info</name>
         <load_address>0x20529</load_address>
         <run_address>0x20529</run_address>
         <size>0x170</size>
         <input_file_ref idref="fl-51"/>
      </object_component>
      <object_component id="oc-6e">
         <name>.debug_info</name>
         <load_address>0x20699</load_address>
         <run_address>0x20699</run_address>
         <size>0x245</size>
         <input_file_ref idref="fl-51"/>
      </object_component>
      <object_component id="oc-386">
         <name>.debug_info</name>
         <load_address>0x208de</load_address>
         <run_address>0x208de</run_address>
         <size>0x60</size>
         <input_file_ref idref="fl-51"/>
      </object_component>
      <object_component id="oc-443">
         <name>.debug_info</name>
         <load_address>0x2093e</load_address>
         <run_address>0x2093e</run_address>
         <size>0x46</size>
         <input_file_ref idref="fl-51"/>
      </object_component>
      <object_component id="oc-3e9">
         <name>.debug_info</name>
         <load_address>0x20984</load_address>
         <run_address>0x20984</run_address>
         <size>0x39</size>
         <input_file_ref idref="fl-51"/>
      </object_component>
      <object_component id="oc-59f">
         <name>.debug_info</name>
         <load_address>0x209bd</load_address>
         <run_address>0x209bd</run_address>
         <size>0x228</size>
         <input_file_ref idref="fl-52"/>
      </object_component>
      <object_component id="oc-596">
         <name>.debug_info</name>
         <load_address>0x20be5</load_address>
         <run_address>0x20be5</run_address>
         <size>0x127</size>
         <input_file_ref idref="fl-52"/>
      </object_component>
      <object_component id="oc-481">
         <name>.debug_info</name>
         <load_address>0x20d0c</load_address>
         <run_address>0x20d0c</run_address>
         <size>0x117</size>
         <input_file_ref idref="fl-52"/>
      </object_component>
      <object_component id="oc-487">
         <name>.debug_info</name>
         <load_address>0x20e23</load_address>
         <run_address>0x20e23</run_address>
         <size>0x18c</size>
         <input_file_ref idref="fl-52"/>
      </object_component>
      <object_component id="oc-3e8">
         <name>.debug_info</name>
         <load_address>0x20faf</load_address>
         <run_address>0x20faf</run_address>
         <size>0x21a</size>
         <input_file_ref idref="fl-53"/>
      </object_component>
      <object_component id="oc-383">
         <name>.debug_info</name>
         <load_address>0x211c9</load_address>
         <run_address>0x211c9</run_address>
         <size>0x101</size>
         <input_file_ref idref="fl-53"/>
      </object_component>
      <object_component id="oc-641">
         <name>.debug_info</name>
         <load_address>0x212ca</load_address>
         <run_address>0x212ca</run_address>
         <size>0x138</size>
         <input_file_ref idref="fl-53"/>
      </object_component>
      <object_component id="oc-64f">
         <name>.debug_info</name>
         <load_address>0x21402</load_address>
         <run_address>0x21402</run_address>
         <size>0xfe</size>
         <input_file_ref idref="fl-53"/>
      </object_component>
      <object_component id="oc-5c2">
         <name>.debug_info</name>
         <load_address>0x21500</load_address>
         <run_address>0x21500</run_address>
         <size>0x1a0</size>
         <input_file_ref idref="fl-53"/>
      </object_component>
      <object_component id="oc-652">
         <name>.debug_info</name>
         <load_address>0x216a0</load_address>
         <run_address>0x216a0</run_address>
         <size>0x130</size>
         <input_file_ref idref="fl-53"/>
      </object_component>
      <object_component id="oc-5db">
         <name>.debug_info</name>
         <load_address>0x217d0</load_address>
         <run_address>0x217d0</run_address>
         <size>0x1c8</size>
         <input_file_ref idref="fl-53"/>
      </object_component>
      <object_component id="oc-4ed">
         <name>.debug_info</name>
         <load_address>0x21998</load_address>
         <run_address>0x21998</run_address>
         <size>0x2c</size>
         <input_file_ref idref="fl-53"/>
      </object_component>
      <object_component id="oc-43e">
         <name>.debug_info</name>
         <load_address>0x219c4</load_address>
         <run_address>0x219c4</run_address>
         <size>0x6f</size>
         <input_file_ref idref="fl-53"/>
      </object_component>
      <object_component id="oc-5d7">
         <name>.debug_info</name>
         <load_address>0x21a33</load_address>
         <run_address>0x21a33</run_address>
         <size>0x15d</size>
         <input_file_ref idref="fl-54"/>
      </object_component>
      <object_component id="oc-4de">
         <name>.debug_info</name>
         <load_address>0x21b90</load_address>
         <run_address>0x21b90</run_address>
         <size>0xf4</size>
         <input_file_ref idref="fl-54"/>
      </object_component>
      <object_component id="oc-4ea">
         <name>.debug_info</name>
         <load_address>0x21c84</load_address>
         <run_address>0x21c84</run_address>
         <size>0xf8</size>
         <input_file_ref idref="fl-54"/>
      </object_component>
      <object_component id="oc-5d0">
         <name>.debug_info</name>
         <load_address>0x21d7c</load_address>
         <run_address>0x21d7c</run_address>
         <size>0x123</size>
         <input_file_ref idref="fl-54"/>
      </object_component>
      <object_component id="oc-3f0">
         <name>.debug_info</name>
         <load_address>0x21e9f</load_address>
         <run_address>0x21e9f</run_address>
         <size>0x18f</size>
         <input_file_ref idref="fl-56"/>
      </object_component>
      <object_component id="oc-391">
         <name>.debug_info</name>
         <load_address>0x2202e</load_address>
         <run_address>0x2202e</run_address>
         <size>0x16f</size>
         <input_file_ref idref="fl-56"/>
      </object_component>
      <object_component id="oc-613">
         <name>.debug_info</name>
         <load_address>0x2219d</load_address>
         <run_address>0x2219d</run_address>
         <size>0x186</size>
         <input_file_ref idref="fl-57"/>
      </object_component>
      <object_component id="oc-519">
         <name>.debug_info</name>
         <load_address>0x22323</load_address>
         <run_address>0x22323</run_address>
         <size>0x1a6</size>
         <input_file_ref idref="fl-57"/>
      </object_component>
      <object_component id="oc-70b">
         <name>.debug_info</name>
         <load_address>0x224c9</load_address>
         <run_address>0x224c9</run_address>
         <size>0xf9</size>
      </object_component>
      <object_component id="oc-53e">
         <name>.debug_line</name>
         <load_address>0x0</load_address>
         <run_address>0x0</run_address>
         <size>0x3a8</size>
         <input_file_ref idref="fl-2"/>
      </object_component>
      <object_component id="oc-4c0">
         <name>.debug_line</name>
         <load_address>0x3a8</load_address>
         <run_address>0x3a8</run_address>
         <size>0xb8</size>
         <input_file_ref idref="fl-2"/>
      </object_component>
      <object_component id="oc-664">
         <name>.debug_line</name>
         <load_address>0x460</load_address>
         <run_address>0x460</run_address>
         <size>0xb8</size>
         <input_file_ref idref="fl-2"/>
      </object_component>
      <object_component id="oc-4f6">
         <name>.debug_line</name>
         <load_address>0x518</load_address>
         <run_address>0x518</run_address>
         <size>0xed</size>
         <input_file_ref idref="fl-2"/>
      </object_component>
      <object_component id="oc-5f2">
         <name>.debug_line</name>
         <load_address>0x605</load_address>
         <run_address>0x605</run_address>
         <size>0x86</size>
         <input_file_ref idref="fl-2"/>
      </object_component>
      <object_component id="oc-5fe">
         <name>.debug_line</name>
         <load_address>0x68b</load_address>
         <run_address>0x68b</run_address>
         <size>0x16d</size>
         <input_file_ref idref="fl-2"/>
      </object_component>
      <object_component id="oc-66f">
         <name>.debug_line</name>
         <load_address>0x7f8</load_address>
         <run_address>0x7f8</run_address>
         <size>0x18f</size>
         <input_file_ref idref="fl-2"/>
      </object_component>
      <object_component id="oc-676">
         <name>.debug_line</name>
         <load_address>0x987</load_address>
         <run_address>0x987</run_address>
         <size>0x196</size>
         <input_file_ref idref="fl-2"/>
      </object_component>
      <object_component id="oc-605">
         <name>.debug_line</name>
         <load_address>0xb1d</load_address>
         <run_address>0xb1d</run_address>
         <size>0x208</size>
         <input_file_ref idref="fl-2"/>
      </object_component>
      <object_component id="oc-60c">
         <name>.debug_line</name>
         <load_address>0xd25</load_address>
         <run_address>0xd25</run_address>
         <size>0x1d0</size>
         <input_file_ref idref="fl-2"/>
      </object_component>
      <object_component id="oc-42a">
         <name>.debug_line</name>
         <load_address>0xef5</load_address>
         <run_address>0xef5</run_address>
         <size>0x136</size>
         <input_file_ref idref="fl-2"/>
      </object_component>
      <object_component id="oc-504">
         <name>.debug_line</name>
         <load_address>0x102b</load_address>
         <run_address>0x102b</run_address>
         <size>0x1fa</size>
         <input_file_ref idref="fl-2"/>
      </object_component>
      <object_component id="oc-453">
         <name>.debug_line</name>
         <load_address>0x1225</load_address>
         <run_address>0x1225</run_address>
         <size>0x239</size>
         <input_file_ref idref="fl-2"/>
      </object_component>
      <object_component id="oc-45f">
         <name>.debug_line</name>
         <load_address>0x145e</load_address>
         <run_address>0x145e</run_address>
         <size>0x18e</size>
         <input_file_ref idref="fl-2"/>
      </object_component>
      <object_component id="oc-466">
         <name>.debug_line</name>
         <load_address>0x15ec</load_address>
         <run_address>0x15ec</run_address>
         <size>0x193</size>
         <input_file_ref idref="fl-2"/>
      </object_component>
      <object_component id="oc-40b">
         <name>.debug_line</name>
         <load_address>0x177f</load_address>
         <run_address>0x177f</run_address>
         <size>0x3ab</size>
         <input_file_ref idref="fl-2"/>
      </object_component>
      <object_component id="oc-3e2">
         <name>.debug_line</name>
         <load_address>0x1b2a</load_address>
         <run_address>0x1b2a</run_address>
         <size>0x1d9</size>
         <input_file_ref idref="fl-2"/>
      </object_component>
      <object_component id="oc-536">
         <name>.debug_line</name>
         <load_address>0x1d03</load_address>
         <run_address>0x1d03</run_address>
         <size>0x6e</size>
         <input_file_ref idref="fl-2"/>
      </object_component>
      <object_component id="oc-520">
         <name>.debug_line</name>
         <load_address>0x1d71</load_address>
         <run_address>0x1d71</run_address>
         <size>0x70</size>
         <input_file_ref idref="fl-2"/>
      </object_component>
      <object_component id="oc-477">
         <name>.debug_line</name>
         <load_address>0x1de1</load_address>
         <run_address>0x1de1</run_address>
         <size>0x6d</size>
         <input_file_ref idref="fl-2"/>
      </object_component>
      <object_component id="oc-52c">
         <name>.debug_line</name>
         <load_address>0x1e4e</load_address>
         <run_address>0x1e4e</run_address>
         <size>0x72</size>
         <input_file_ref idref="fl-2"/>
      </object_component>
      <object_component id="oc-55b">
         <name>.debug_line</name>
         <load_address>0x1ec0</load_address>
         <run_address>0x1ec0</run_address>
         <size>0x6c</size>
         <input_file_ref idref="fl-2"/>
      </object_component>
      <object_component id="oc-4ca">
         <name>.debug_line</name>
         <load_address>0x1f2c</load_address>
         <run_address>0x1f2c</run_address>
         <size>0x6d</size>
         <input_file_ref idref="fl-2"/>
      </object_component>
      <object_component id="oc-542">
         <name>.debug_line</name>
         <load_address>0x1f99</load_address>
         <run_address>0x1f99</run_address>
         <size>0x6e</size>
         <input_file_ref idref="fl-2"/>
      </object_component>
      <object_component id="oc-43a">
         <name>.debug_line</name>
         <load_address>0x2007</load_address>
         <run_address>0x2007</run_address>
         <size>0x20</size>
         <input_file_ref idref="fl-2"/>
      </object_component>
      <object_component id="oc-54c">
         <name>.debug_line</name>
         <load_address>0x2027</load_address>
         <run_address>0x2027</run_address>
         <size>0x70</size>
         <input_file_ref idref="fl-2"/>
      </object_component>
      <object_component id="oc-592">
         <name>.debug_line</name>
         <load_address>0x2097</load_address>
         <run_address>0x2097</run_address>
         <size>0x68</size>
         <input_file_ref idref="fl-2"/>
      </object_component>
      <object_component id="oc-588">
         <name>.debug_line</name>
         <load_address>0x20ff</load_address>
         <run_address>0x20ff</run_address>
         <size>0x6a</size>
         <input_file_ref idref="fl-2"/>
      </object_component>
      <object_component id="oc-547">
         <name>.debug_line</name>
         <load_address>0x2169</load_address>
         <run_address>0x2169</run_address>
         <size>0x70</size>
         <input_file_ref idref="fl-2"/>
      </object_component>
      <object_component id="oc-565">
         <name>.debug_line</name>
         <load_address>0x21d9</load_address>
         <run_address>0x21d9</run_address>
         <size>0x6e</size>
         <input_file_ref idref="fl-2"/>
      </object_component>
      <object_component id="oc-53b">
         <name>.debug_line</name>
         <load_address>0x2247</load_address>
         <run_address>0x2247</run_address>
         <size>0x6f</size>
         <input_file_ref idref="fl-2"/>
      </object_component>
      <object_component id="oc-560">
         <name>.debug_line</name>
         <load_address>0x22b6</load_address>
         <run_address>0x22b6</run_address>
         <size>0x78</size>
         <input_file_ref idref="fl-2"/>
      </object_component>
      <object_component id="oc-527">
         <name>.debug_line</name>
         <load_address>0x232e</load_address>
         <run_address>0x232e</run_address>
         <size>0x77</size>
         <input_file_ref idref="fl-2"/>
      </object_component>
      <object_component id="oc-551">
         <name>.debug_line</name>
         <load_address>0x23a5</load_address>
         <run_address>0x23a5</run_address>
         <size>0x6d</size>
         <input_file_ref idref="fl-2"/>
      </object_component>
      <object_component id="oc-47c">
         <name>.debug_line</name>
         <load_address>0x2412</load_address>
         <run_address>0x2412</run_address>
         <size>0x76</size>
         <input_file_ref idref="fl-2"/>
      </object_component>
      <object_component id="oc-61c">
         <name>.debug_line</name>
         <load_address>0x2488</load_address>
         <run_address>0x2488</run_address>
         <size>0x70</size>
         <input_file_ref idref="fl-2"/>
      </object_component>
      <object_component id="oc-617">
         <name>.debug_line</name>
         <load_address>0x24f8</load_address>
         <run_address>0x24f8</run_address>
         <size>0x6c</size>
         <input_file_ref idref="fl-2"/>
      </object_component>
      <object_component id="oc-556">
         <name>.debug_line</name>
         <load_address>0x2564</load_address>
         <run_address>0x2564</run_address>
         <size>0x6d</size>
         <input_file_ref idref="fl-2"/>
      </object_component>
      <object_component id="oc-56f">
         <name>.debug_line</name>
         <load_address>0x25d1</load_address>
         <run_address>0x25d1</run_address>
         <size>0x6c</size>
         <input_file_ref idref="fl-2"/>
      </object_component>
      <object_component id="oc-531">
         <name>.debug_line</name>
         <load_address>0x263d</load_address>
         <run_address>0x263d</run_address>
         <size>0x67</size>
         <input_file_ref idref="fl-2"/>
      </object_component>
      <object_component id="oc-5cd">
         <name>.debug_line</name>
         <load_address>0x26a4</load_address>
         <run_address>0x26a4</run_address>
         <size>0x68</size>
         <input_file_ref idref="fl-2"/>
      </object_component>
      <object_component id="oc-583">
         <name>.debug_line</name>
         <load_address>0x270c</load_address>
         <run_address>0x270c</run_address>
         <size>0x6d</size>
         <input_file_ref idref="fl-2"/>
      </object_component>
      <object_component id="oc-56a">
         <name>.debug_line</name>
         <load_address>0x2779</load_address>
         <run_address>0x2779</run_address>
         <size>0x70</size>
         <input_file_ref idref="fl-2"/>
      </object_component>
      <object_component id="oc-574">
         <name>.debug_line</name>
         <load_address>0x27e9</load_address>
         <run_address>0x27e9</run_address>
         <size>0x75</size>
         <input_file_ref idref="fl-2"/>
      </object_component>
      <object_component id="oc-579">
         <name>.debug_line</name>
         <load_address>0x285e</load_address>
         <run_address>0x285e</run_address>
         <size>0x7b</size>
         <input_file_ref idref="fl-2"/>
      </object_component>
      <object_component id="oc-57e">
         <name>.debug_line</name>
         <load_address>0x28d9</load_address>
         <run_address>0x28d9</run_address>
         <size>0x70</size>
         <input_file_ref idref="fl-2"/>
      </object_component>
      <object_component id="oc-58d">
         <name>.debug_line</name>
         <load_address>0x2949</load_address>
         <run_address>0x2949</run_address>
         <size>0x6f</size>
         <input_file_ref idref="fl-2"/>
      </object_component>
[...]
      </symbol>
      <symbol id="sm-2c0">
         <name>UCB0I2CSA_H</name>
         <value>0x5f3</value>
      </symbol>
      <symbol id="sm-2c1">
         <name>UCB0ICTL</name>
         <value>0x5fc</value>
      </symbol>
      <symbol id="sm-2c2">
         <name>UCB0ICTL_L</name>
         <value>0x5fc</value>
      </symbol>
      <symbol id="sm-2c3">
         <name>UCB0ICTL_H</name>
         <value>0x5fd</value>
      </symbol>
      <symbol id="sm-2c4">
         <name>UCB0IV</name>
         <value>0x5fe</value>
      </symbol>
      <symbol id="sm-2c5">
         <name>UCA1CTLW0</name>
         <value>0x600</value>
      </symbol>
      <symbol id="sm-2c6">
         <name>UCA1CTLW0_L</name>
         <value>0x600</value>
      </symbol>
      <symbol id="sm-2c7">
         <name>UCA1CTLW0_H</name>
         <value>0x601</value>
      </symbol>
      <symbol id="sm-2c8">
         <name>UCA1BRW</name>
         <value>0x606</value>
      </symbol>
      <symbol id="sm-2c9">
         <name>UCA1BRW_L</name>
         <value>0x606</value>
      </symbol>
      <symbol id="sm-2ca">
         <name>UCA1BRW_H</name>
         <value>0x607</value>
      </symbol>
      <symbol id="sm-2cb">
         <name>UCA1MCTL</name>
         <value>0x608</value>
      </symbol>
      <symbol id="sm-2cc">
         <name>UCA1STAT</name>
         <value>0x60a</value>
      </symbol>
      <symbol id="sm-2cd">
         <name>UCA1RXBUF</name>
         <value>0x60c</value>
      </symbol>
      <symbol id="sm-2ce">
         <name>UCA1TXBUF</name>
         <value>0x60e</value>
      </symbol>
      <symbol id="sm-2cf">
         <name>UCA1ABCTL</name>
         <value>0x610</value>
      </symbol>
      <symbol id="sm-2d0">
         <name>UCA1IRCTL</name>
         <value>0x612</value>
      </symbol>
      <symbol id="sm-2d1">
         <name>UCA1IRCTL_L</name>
         <value>0x612</value>
      </symbol>
      <symbol id="sm-2d2">
         <name>UCA1IRCTL_H</name>
         <value>0x613</value>
      </symbol>
      <symbol id="sm-2d3">
         <name>UCA1ICTL</name>
         <value>0x61c</value>
      </symbol>
      <symbol id="sm-2d4">
         <name>UCA1ICTL_L</name>
         <value>0x61c</value>
      </symbol>
      <symbol id="sm-2d5">
         <name>UCA1ICTL_H</name>
         <value>0x61d</value>
      </symbol>
      <symbol id="sm-2d6">
         <name>UCA1IV</name>
         <value>0x61e</value>
      </symbol>
      <symbol id="sm-2d7">
         <name>UCB1CTLW0</name>
         <value>0x620</value>
      </symbol>
      <symbol id="sm-2d8">
         <name>UCB1CTLW0_L</name>
         <value>0x620</value>
      </symbol>
      <symbol id="sm-2d9">
         <name>UCB1CTLW0_H</name>
         <value>0x621</value>
      </symbol>
      <symbol id="sm-2da">
         <name>UCB1BRW</name>
         <value>0x626</value>
      </symbol>
      <symbol id="sm-2db">
         <name>UCB1BRW_L</name>
         <value>0x626</value>
      </symbol>
      <symbol id="sm-2dc">
         <name>UCB1BRW_H</name>
         <value>0x627</value>
      </symbol>
      <symbol id="sm-2dd">
         <name>UCB1STAT</name>
         <value>0x62a</value>
      </symbol>
      <symbol id="sm-2de">
         <name>UCB1RXBUF</name>
         <value>0x62c</value>
      </symbol>
      <symbol id="sm-2df">
         <name>UCB1TXBUF</name>
         <value>0x62e</value>
      </symbol>
      <symbol id="sm-2e0">
         <name>UCB1I2COA</name>
         <value>0x630</value>
      </symbol>
      <symbol id="sm-2e1">
         <name>UCB1I2COA_L</name>
         <value>0x630</value>
      </symbol>
      <symbol id="sm-2e2">
         <name>UCB1I2COA_H</name>
         <value>0x631</value>
      </symbol>
      <symbol id="sm-2e3">
         <name>UCB1I2CSA</name>
         <value>0x632</value>
      </symbol>
      <symbol id="sm-2e4">
         <name>UCB1I2CSA_L</name>
         <value>0x632</value>
      </symbol>
      <symbol id="sm-2e5">
         <name>UCB1I2CSA_H</name>
         <value>0x633</value>
      </symbol>
      <symbol id="sm-2e6">
         <name>UCB1ICTL</name>
         <value>0x63c</value>
      </symbol>
      <symbol id="sm-2e7">
         <name>UCB1ICTL_L</name>
         <value>0x63c</value>
      </symbol>
      <symbol id="sm-2e8">
         <name>UCB1ICTL_H</name>
         <value>0x63d</value>
      </symbol>
      <symbol id="sm-2e9">
         <name>UCB1IV</name>
         <value>0x63e</value>
      </symbol>
      <symbol id="sm-2ea">
         <name>WDTCTL</name>
         <value>0x15c</value>
      </symbol>
      <symbol id="sm-2eb">
         <name>WDTCTL_L</name>
         <value>0x15c</value>
      </symbol>
      <symbol id="sm-2ec">
         <name>WDTCTL_H</name>
         <value>0x15d</value>
      </symbol>
      <symbol id="sm-2ed">
         <name>__TI_CINIT_Base</name>
         <value>0x4498</value>
      </symbol>
      <symbol id="sm-2ee">
         <name>__TI_CINIT_Limit</name>
         <value>0x44a8</value>
      </symbol>
      <symbol id="sm-2ef">
         <name>__TI_Handler_Table_Base</name>
         <value>0x4486</value>
      </symbol>
      <symbol id="sm-2f0">
         <name>__TI_Handler_Table_Limit</name>
         <value>0x4492</value>
      </symbol>
      <symbol id="sm-2f1">
         <name>__TI_INITARRAY_Base</name>
         <value>0x4424</value>
      </symbol>
      <symbol id="sm-2f2">
         <name>__TI_INITARRAY_Limit</name>
         <value>0x4428</value>
      </symbol>
      <symbol id="sm-2f3">
         <name>__STACK_SIZE</name>
         <value>0xa0</value>
      </symbol>
      <symbol id="sm-2f4">
         <name>__STACK_END</name>
         <value>0x4400</value>
      </symbol>
      <symbol id="sm-2f5">
         <name>__SYSMEM_SIZE</name>
         <value>0xa0</value>
      </symbol>
      <symbol id="sm-2f6">
         <name>__c_args__</name>
         <value>0xffffffff</value>
      </symbol>
      <symbol id="sm-2f7">
         <name>__TI_pprof_out_hndl</name>
         <value>0xffffffff</value>
      </symbol>
      <symbol id="sm-2f8">
         <name>__TI_prof_data_start</name>
         <value>0xffffffff</value>
      </symbol>
      <symbol id="sm-2f9">
         <name>__TI_prof_data_size</name>
         <value>0xffffffff</value>
      </symbol>
      <symbol id="sm-490">
         <name>__sti___9_blink_cpp_200b0252</name>
         <value>0x111a8</value>
         <object_component_ref idref="oc-3de"/>
      </symbol>
      <symbol id="sm-491">
         <name>_ZNSt3__26vectorIbNS_9allocatorIbEEE7reserveEj</name>
         <value>0x10dc2</value>
         <object_component_ref idref="oc-500"/>
      </symbol>
      <symbol id="sm-492">
         <name>feedbackNode_615</name>
         <value>0x24aa</value>
         <object_component_ref idref="oc-423"/>
      </symbol>
      <symbol id="sm-493">
         <name>_ZNSt3__26vectorIbNS_9allocatorIbEEE4swapERS3_</name>
         <value>0x10f2c</value>
         <object_component_ref idref="oc-608"/>
      </symbol>
      <symbol id="sm-494">
         <name>_ZNSt3__220__throw_length_errorEPKc</name>
         <value>0x11302</value>
         <object_component_ref idref="oc-5ee"/>
      </symbol>
      <symbol id="sm-495">
         <name>main</name>
         <value>0x10000</value>
         <object_component_ref idref="oc-407"/>
      </symbol>
      <symbol id="sm-496">
         <name>_ZNSt3__26vectorIbNS_9allocatorIbEEE18__construct_at_endINS_14__bit_iteratorIS3_Lb0ELj0EEEEENS_9enable_ifIXsr3std3__221__is_forward_iteratorIT_EE5valueEvE4typeES8_S8_</name>
         <value>0x10952</value>
         <object_component_ref idref="oc-601"/>
      </symbol>
      <symbol id="sm-497">
         <name>_ZNSt3__26vectorIbNS_9allocatorIbEEE8allocateEj</name>
         <value>0x10fe0</value>
         <object_component_ref idref="oc-5fa"/>
      </symbol>
      <symbol id="sm-498">
         <name>_ZNSt3__26vectorIbNS_9allocatorIbEEED1Ev</name>
         <value>0x1127e</value>
         <object_component_ref idref="oc-426"/>
      </symbol>
      <symbol id="sm-499">
         <name>_ZNSt3__214__copy_alignedINS_6vectorIbNS_9allocatorIbEEEELb0EEENS_14__bit_iteratorIT_Lb0ELi0EEENS5_IS6_XT0_ELi0EEES8_S7_</name>
         <value>0x10a86</value>
         <object_component_ref idref="oc-672"/>
      </symbol>
      <symbol id="sm-49a">
         <name>_ZNSt3__214__copy_alignedINS_6vectorIbNS_9allocatorIbEEEELb1EEENS_14__bit_iteratorIT_Lb0ELi0EEENS5_IS6_XT0_ELi0EEES8_S7_</name>
         <value>0x10810</value>
         <object_component_ref idref="oc-462"/>
      </symbol>
      <symbol id="sm-49b">
         <name>_ZNSt3__26vectorIbNS_9allocatorIbEEE9push_backERKb</name>
         <value>0x10b9c</value>
         <object_component_ref idref="oc-44f"/>
      </symbol>
      <symbol id="sm-49c">
         <name>_ZNKSt3__26vectorIbNS_9allocatorIbEEE8max_sizeEv</name>
         <value>0x11266</value>
         <object_component_ref idref="oc-4f2"/>
      </symbol>
      <symbol id="sm-49d">
         <name>_ZNSt3__216__copy_unalignedINS_6vectorIbNS_9allocatorIbEEEELb0EEENS_14__bit_iteratorIT_Lb0ELi0EEENS5_IS6_XT0_ELi0EEES8_S7_</name>
         <value>0x10598</value>
         <object_component_ref idref="oc-66b"/>
      </symbol>
      <symbol id="sm-49e">
         <name>_ZNSt3__216__copy_unalignedINS_6vectorIbNS_9allocatorIbEEEELb1EEENS_14__bit_iteratorIT_Lb0ELi0EEENS5_IS6_XT0_ELi0EEES8_S7_</name>
         <value>0x102f8</value>
         <object_component_ref idref="oc-45b"/>
      </symbol>
      <symbol id="sm-49f">
         <name>_ZZNSt3__29allocatorIjE8allocateEjPKvEs</name>
         <value>0x4428</value>
         <object_component_ref idref="oc-660"/>
      </symbol>
      <symbol id="sm-4cc">
         <name>_Znwj</name>
         <value>0x1121e</value>
         <object_component_ref idref="oc-665"/>
      </symbol>
      <symbol id="sm-4cd">
         <name>_ZdlPv</name>
         <value>0x112d2</value>
         <object_component_ref idref="oc-4c1"/>
      </symbol>
      <symbol id="sm-4e3">
         <name>_ZZNKSt3__220__vector_base_commonILb1EE20__throw_length_errorEvEs</name>
         <value>0x446c</value>
         <object_component_ref idref="oc-5e9"/>
      </symbol>
      <symbol id="sm-4e4">
         <name>_ZNKSt3__220__vector_base_commonILb1EE20__throw_length_errorEv</name>
         <value>0x112fa</value>
         <object_component_ref idref="oc-4f9"/>
      </symbol>
      <symbol id="sm-51f">
         <name>__dso_handle</name>
         <value>0x24b6</value>
      </symbol>
      <symbol id="sm-520">
         <name>_Z25__add_destruction_to_listPP20a_needed_destructionPFYvPvES2_S2_</name>
         <value>0x110be</value>
         <object_component_ref idref="oc-4e3"/>
      </symbol>
      <symbol id="sm-521">
         <name>__cxa_atexit</name>
         <value>0x111d2</value>
         <object_component_ref idref="oc-430"/>
      </symbol>
      <symbol id="sm-522">
         <name>_Z23__finalize_destructionsPP20a_needed_destructionPv</name>
         <value>0x10f92</value>
         <object_component_ref idref="oc-658"/>
      </symbol>
      <symbol id="sm-523">
         <name>__cxa_ia64_exit</name>
         <value>0x112dc</value>
         <object_component_ref idref="oc-5e0"/>
      </symbol>
      <symbol id="sm-52f">
         <name>__mspabi_remi</name>
         <value>0x1117c</value>
         <object_component_ref idref="oc-456"/>
      </symbol>
      <symbol id="sm-530">
         <name>__mspabi_divi</name>
         <value>0x1117c</value>
         <object_component_ref idref="oc-456"/>
      </symbol>
      <symbol id="sm-53a">
         <name>__mspabi_remu</name>
         <value>0x11296</value>
         <object_component_ref idref="oc-50c"/>
      </symbol>
      <symbol id="sm-53b">
         <name>__mspabi_divu</name>
         <value>0x11296</value>
         <object_component_ref idref="oc-50c"/>
      </symbol>
      <symbol id="sm-54b">
         <name>__mspabi_cmpf</name>
         <value>0x11074</value>
         <object_component_ref idref="oc-46e"/>
      </symbol>
      <symbol id="sm-558">
         <name>__mspabi_fltif</name>
         <value>0x11146</value>
         <object_component_ref idref="oc-469"/>
      </symbol>
      <symbol id="sm-55b">
         <name>__TI_int41</name>
         <value>0xffd2</value>
         <object_component_ref idref="oc-79"/>
      </symbol>
      <symbol id="sm-55e">
         <name>__TI_int42</name>
         <value>0xffd4</value>
         <object_component_ref idref="oc-7a"/>
      </symbol>
      <symbol id="sm-561">
         <name>__TI_int43</name>
         <value>0xffd6</value>
         <object_component_ref idref="oc-7b"/>
      </symbol>
      <symbol id="sm-564">
         <name>__TI_int44</name>
         <value>0xffd8</value>
         <object_component_ref idref="oc-7c"/>
      </symbol>
      <symbol id="sm-567">
         <name>__TI_int45</name>
         <value>0xffda</value>
         <object_component_ref idref="oc-7d"/>
      </symbol>
      <symbol id="sm-56a">
         <name>__TI_int46</name>
         <value>0xffdc</value>
         <object_component_ref idref="oc-7e"/>
      </symbol>
      <symbol id="sm-56d">
         <name>__TI_int47</name>
         <value>0xffde</value>
         <object_component_ref idref="oc-7f"/>
      </symbol>
      <symbol id="sm-570">
         <name>__TI_int48</name>
         <value>0xffe0</value>
         <object_component_ref idref="oc-80"/>
      </symbol>
      <symbol id="sm-573">
         <name>__TI_int49</name>
         <value>0xffe2</value>
         <object_component_ref idref="oc-81"/>
      </symbol>
      <symbol id="sm-576">
         <name>__TI_int50</name>
         <value>0xffe4</value>
         <object_component_ref idref="oc-82"/>
      </symbol>
      <symbol id="sm-579">
         <name>__TI_int51</name>
         <value>0xffe6</value>
         <object_component_ref idref="oc-83"/>
      </symbol>
      <symbol id="sm-57c">
         <name>__TI_int52</name>
         <value>0xffe8</value>
         <object_component_ref idref="oc-84"/>
      </symbol>
      <symbol id="sm-57f">
         <name>__TI_int53</name>
         <value>0xffea</value>
         <object_component_ref idref="oc-85"/>
      </symbol>
      <symbol id="sm-582">
         <name>__TI_int54</name>
         <value>0xffec</value>
         <object_component_ref idref="oc-86"/>
      </symbol>
      <symbol id="sm-585">
         <name>__TI_int55</name>
         <value>0xffee</value>
         <object_component_ref idref="oc-87"/>
      </symbol>
      <symbol id="sm-588">
         <name>__TI_int56</name>
         <value>0xfff0</value>
         <object_component_ref idref="oc-88"/>
      </symbol>
      <symbol id="sm-58b">
         <name>__TI_int57</name>
         <value>0xfff2</value>
         <object_component_ref idref="oc-89"/>
      </symbol>
      <symbol id="sm-58e">
         <name>__TI_int58</name>
         <value>0xfff4</value>
         <object_component_ref idref="oc-8a"/>
      </symbol>
      <symbol id="sm-591">
         <name>__TI_int59</name>
         <value>0xfff6</value>
         <object_component_ref idref="oc-8b"/>
      </symbol>
      <symbol id="sm-594">
         <name>__TI_int60</name>
         <value>0xfff8</value>
         <object_component_ref idref="oc-8c"/>
      </symbol>
      <symbol id="sm-597">
         <name>__TI_int61</name>
         <value>0xfffa</value>
         <object_component_ref idref="oc-8d"/>
      </symbol>
      <symbol id="sm-59a">
         <name>__TI_int62</name>
         <value>0xfffc</value>
         <object_component_ref idref="oc-8e"/>
      </symbol>
      <symbol id="sm-5a2">
         <name>__TI_ISR_TRAP</name>
         <value>0x441c</value>
         <object_component_ref idref="oc-39d"/>
      </symbol>
      <symbol id="sm-5ab">
         <name>__mspabi_slli</name>
         <value>0x112e6</value>
         <object_component_ref idref="oc-507"/>
      </symbol>
      <symbol id="sm-5b4">
         <name>__mspabi_srli</name>
         <value>0x112f0</value>
         <object_component_ref idref="oc-512"/>
      </symbol>
      <symbol id="sm-5c9">
         <name>_stack</name>
         <value>0x4360</value>
         <object_component_ref idref="oc-37e"/>
      </symbol>
      <symbol id="sm-5ca">
         <name>_c_int00_noargs</name>
         <value>0x4400</value>
         <object_component_ref idref="oc-3b4"/>
      </symbol>
      <symbol id="sm-5cb">
         <name>_reset_vector</name>
         <value>0xfffe</value>
         <object_component_ref idref="oc-381"/>
      </symbol>
      <symbol id="sm-5f1">
         <name>__TI_auto_init_nobinit_hold_wdt</name>
         <value>0x10ebc</value>
         <object_component_ref idref="oc-4aa"/>
      </symbol>
      <symbol id="sm-604">
         <name>__TI_zero_init_nomemset</name>
         <value>0x11242</value>
         <object_component_ref idref="oc-3a2"/>
      </symbol>
      <symbol id="sm-613">
         <name>__TI_dtors_ptr</name>
         <value>0x24be</value>
         <object_component_ref idref="oc-598"/>
      </symbol>
      <symbol id="sm-614">
         <name>__TI_cleanup_ptr</name>
         <value>0x24ba</value>
         <object_component_ref idref="oc-59b"/>
      </symbol>
      <symbol id="sm-624">
         <name>_system_pre_init</name>
         <value>0x1130e</value>
         <object_component_ref idref="oc-401"/>
      </symbol>
      <symbol id="sm-62d">
         <name>_system_post_cinit</name>
         <value>0x11314</value>
         <object_component_ref idref="oc-5a0"/>
      </symbol>
      <symbol id="sm-63e">
         <name>__TI_decompress_none</name>
         <value>0x112c0</value>
         <object_component_ref idref="oc-73"/>
      </symbol>
      <symbol id="sm-661">
         <name>__TI_decompress_lzss</name>
         <value>0x10e46</value>
         <object_component_ref idref="oc-6d"/>
      </symbol>
      <symbol id="sm-67e">
         <name>C$$EXIT</name>
         <value>0x11308</value>
         <object_component_ref idref="oc-480"/>
      </symbol>
      <symbol id="sm-67f">
         <name>abort</name>
         <value>0x11308</value>
         <object_component_ref idref="oc-480"/>
      </symbol>
      <symbol id="sm-680">
         <name>__TI_enable_exit_profile_output</name>
         <value>0x24ce</value>
         <object_component_ref idref="oc-595"/>
      </symbol>
      <symbol id="sm-681">
         <name>exit</name>
         <value>0x1102a</value>
         <object_component_ref idref="oc-486"/>
      </symbol>
      <symbol id="sm-6d0">
         <name>_sys_memory</name>
         <value>0x2400</value>
         <object_component_ref idref="oc-382"/>
      </symbol>
      <symbol id="sm-6d1">
         <name>free</name>
         <value>0x10d34</value>
         <object_component_ref idref="oc-5c1"/>
      </symbol>
      <symbol id="sm-6d2">
         <name>malloc</name>
         <value>0x10c78</value>
         <object_component_ref idref="oc-5da"/>
      </symbol>
      <symbol id="sm-6d3">
         <name>minit</name>
         <value>0x11104</value>
         <object_component_ref idref="oc-651"/>
      </symbol>
      <symbol id="sm-6e9">
         <name>_nop</name>
         <value>0x11312</value>
         <object_component_ref idref="oc-5cf"/>
      </symbol>
      <symbol id="sm-6ea">
         <name>_lock</name>
         <value>0x24c2</value>
         <object_component_ref idref="oc-4dd"/>
      </symbol>
      <symbol id="sm-6eb">
         <name>_unlock</name>
         <value>0x24c6</value>
         <object_component_ref idref="oc-4e9"/>
      </symbol>
      <symbol id="sm-6fa">
         <name>memcpy</name>
         <value>0x112ac</value>
         <object_component_ref idref="oc-390"/>
      </symbol>
      <symbol id="sm-709">
         <name>memmove</name>
         <value>0x111f8</value>
         <object_component_ref idref="oc-517"/>
      </symbol>
      <symbol id="sm-70c">
         <name>_ZSt17__throw_bad_allocv</name>
         <value>0x11308</value>
      </symbol>
   </symbol_table>
   <title>Link successful</title>
</link_info>
